[www.abports.co.uk/index.html]
[backblue.gif]
[fade.gif]
[index.html]
[www.abports.co.uk/dist/bundles-styles/mained26.css]
[www.abports.co.uk/favicon.ico]
[www.abports.co.uk/dist/bundles-scriptsc5e1]
[secure.care5alea.com/js/149047.js]
[s7.addthis.com/js/300/addthis_widget.js]
[cc.cdn.civiccomputing.com/8/cookieControl-8.2.min.js]
[www.abports.co.uk/media/dmdbkbjb/promobanner_160x100px1.png]
[www.abports.co.uk/media/1kmnsbpd/logo.svg]
[www.abports.co.uk/annual-review-2022/index.html]
[www.abports.co.uk/media/shcb5ld1/logo-hover.svg]
[www.abports.co.uk/abp-devco/index.html]
[www.abports.co.uk/future-ports-wales-vision/index.html]
[www.abports.co.uk/contacts/suppliers/index.html]
[www.abports.co.uk/media/gfsfqm4b/navigationmenu_289x209px.png]
[www.abports.co.uk/about-abp/our-people/index.html]
[www.abports.co.uk/about-abp/who-we-are/index.html]
[www.abports.co.uk/about-abp/safety/index.html]
[www.abports.co.uk/media/edcl5zkb/2_3_1.jpg]
[www.abports.co.uk/about-abp/board-of-directors/index.html]
[www.abports.co.uk/media/5a4d3pl5/2_1_1.jpg]
[www.abports.co.uk/about-abp/economic-impact/index.html]
[www.abports.co.uk/about-abp/executive-team/index.html]
[www.abports.co.uk/about-abp/supporting-our-communities/index.html]
[www.abports.co.uk/about-abp/sustainability-and-decarbonisation/index.html]
[www.abports.co.uk/media/0nqnmgdl/homepage-fallback-ab-ports-crop2.jpg]
[www.abports.co.uk/services/automotive/index.html]
[www.abports.co.uk/services/agribulks/index.html]
[www.abports.co.uk/services/bulk-energy/index.html]
[www.abports.co.uk/media/25bilm3i/future-ports-wales-highlights-panel.jpg]
[www.abports.co.uk/services/construction/index.html]
[www.abports.co.uk/services/containers/index.html]
[www.abports.co.uk/services/cruise/index.html]
[www.abports.co.uk/media/pmfpp5bi/port-centric-highlights-panel-2.jpg]
[www.abports.co.uk/services/dry-bulk/index.html]
[www.abports.co.uk/services/forest-products/index.html]
[www.abports.co.uk/services/liquid-bulks/index.html]
[www.abports.co.uk/media/fuuhsht2/web_505x710v2px.png]
[www.abports.co.uk/services/offshore-wind/index.html]
[www.abports.co.uk/services/project-cargo/index.html]
[www.abports.co.uk/services/rail-freight/index.html]
[www.abports.co.uk/media/lz1pofqr/ayr.jpg]
[www.abports.co.uk/media/pdsdlrrc/barrow.jpg]
[www.abports.co.uk/services/ro-ro-and-ferries/index.html]
[www.abports.co.uk/media/znqomizd/barry.jpg]
[www.abports.co.uk/locations/ayr/index.html]
[www.abports.co.uk/services/marinas/index.html]
[www.abports.co.uk/services/steel-and-other-metals/index.html]
[www.abports.co.uk/media/uxpoqvya/cardiff.jpg]
[www.abports.co.uk/media/h1dkojy3/fleetwood.jpg]
[www.abports.co.uk/locations/barrow/index.html]
[www.abports.co.uk/media/3owaxdld/garston.jpg]
[www.abports.co.uk/locations/barry/index.html]
[www.abports.co.uk/media/tvcmfwwv/goole.jpg]
[www.abports.co.uk/locations/fleetwood/index.html]
[www.abports.co.uk/locations/cardiff/index.html]
[www.abports.co.uk/locations/garston/index.html]
[www.abports.co.uk/media/vwvdahlq/grimsby.jpg]
[www.abports.co.uk/media/s4yf2qqw/hams-hall.jpg]
[www.abports.co.uk/locations/goole/index.html]
[www.abports.co.uk/media/p1qi4v15/hull.jpg]
[www.abports.co.uk/locations/grimsby/index.html]
[www.abports.co.uk/locations/hull/index.html]
[www.abports.co.uk/media/m0jilpql/immingham.jpg]
[www.abports.co.uk/locations/immingham/index.html]
[www.abports.co.uk/media/4g0bvqxf/ipswich.jpg]
[www.abports.co.uk/locations/ipswich/index.html]
[www.abports.co.uk/locations/king-s-lynn/index.html]
[www.abports.co.uk/media/wxxmlgb2/kings-lynn.jpg]
[www.abports.co.uk/locations/newport/index.html]
[www.abports.co.uk/locations/lowestoft/index.html]
[www.abports.co.uk/media/htmfrwmp/lowestoft.jpg]
[www.abports.co.uk/locations/port-talbot/index.html]
[www.abports.co.uk/media/3zhpxqfc/newport.jpg]
[www.abports.co.uk/locations/plymouth/index.html]
[www.abports.co.uk/locations/silloth/index.html]
[www.abports.co.uk/locations/southampton/index.html]
[www.abports.co.uk/media/gjlbs4vw/plymouth.jpg]
[www.abports.co.uk/media/keodcywn/port-talbot.jpg]
[www.abports.co.uk/locations/swansea/index.html]
[www.abports.co.uk/locations/teignmouth/index.html]
[www.abports.co.uk/media/uj3pvqtq/silloth.jpg]
[www.abports.co.uk/locations/troon/index.html]
[www.abports.co.uk/media/u41pjwyu/southampton.jpg]
[www.abports.co.uk/locations/hams-hall-rail-freight-terminal/index.html]
[www.abports.co.uk/media/erlehdrp/swansea.jpg]
[www.abports.co.uk/news-and-media/latest-news/index.html]
[www.abports.co.uk/news-and-media/video/index.html]
[www.abports.co.uk/media/0zzgrq2s/teignmouth.jpg]
[www.abports.co.uk/news-and-media/articles-and-blogs/index.html]
[www.abports.co.uk/media/m2tlfoq2/troon.jpg]
[www.abports.co.uk/news-and-media/publications-download/index.html]
[www.abports.co.uk/media/yp1bs0ue/ukmap.png]
[www.abports.co.uk/media/al0f1ui1/ierrt.jpg]
[www.abports.co.uk/marine-information-and-compliance/port-marine-information/index.html]
[www.abports.co.uk/marine-information-and-compliance/covid-19-general-risk-assessment/index.html]
[www.abports.co.uk/marine-information-and-compliance/abp-standard-terms-and-conditions-of-trade/index.html]
[www.abports.co.uk/media/j3hkrkel/abp-viking-css-article-image-24oct2022.jpg]
[www.abports.co.uk/marine-information-and-compliance/bye-laws/index.html]
[www.abports.co.uk/media/eyggc0xm/greg-lacey_abp_landscape.jpg]
[www.abports.co.uk/marine-information-and-compliance/abp-marine-policy-and-pmsc/index.html]
[www.abports.co.uk/marine-information-and-compliance/gender-diversity-and-gender-pay-gap/index.html]
[www.abports.co.uk/marine-information-and-compliance/abp-port-rules/index.html]
[www.abports.co.uk/media/42gnjhue/homepage-abp-grad-schemes.png]
[www.abports.co.uk/marine-information-and-compliance/whistleblowing-policy/index.html]
[www.abports.co.uk/media/2r4pl5z5/david-lee-photography-new.png]
[www.abports.co.uk/marine-information-and-compliance/group-policies/index.html]
[www.abports.co.uk/marine-information-and-compliance/modern-slavery-statement/index.html]
[www.abports.co.uk/investor-relations/financial-news/index.html]
[www.abports.co.uk/media/5jsloj3g/tim-morris.jpg]
[www.abports.co.uk/media/yebgmrn1/kasbah-grimsby.jpg]
[www.abports.co.uk/investor-relations/reports-results-and-presentations/index.html]
[www.abports.co.uk/contacts/head-office/index.html]
[www.abports.co.uk/investor-relations/offering-related-documents/index.html]
[www.abports.co.uk/media/xmhbjqq1/automotive.png]
[www.abports.co.uk/contacts/commercial/index.html]
[www.abports.co.uk/media/1m3bkufv/containers.png]
[www.abports.co.uk/contacts/investor-relations/index.html]
[www.abports.co.uk/contacts/media/index.html]
[www.abports.co.uk/contacts/regions-and-ports/index.html]
[www.abports.co.uk/media/czzjl04x/cruise.png]
[www.abports.co.uk/contacts/careers/index.html]
[www.abports.co.uk/media/d4cbrujm/dry-bulks.png]
[www.abports.co.uk/contacts/complaints/index.html]
[www.abports.co.uk/media/45kc0y3v/forest-products.png]
[www.abports.co.uk/news-and-media/latest-news/2022/supplementary-consultation-on-proposed-ierrt-development/index.html]
[www.abports.co.uk/news-and-media/latest-news/2022/viking-ccs-and-associated-british-ports-embark-on-major-step-towards-a-future-co2-shipping-industry-in-the-uk/index.html]
[www.abports.co.uk/news-and-media/latest-news/2022/greg-lacey-joins-as-head-of-property-at-associated-british-ports-in-the-humber/index.html]
[www.abports.co.uk/media/dc5jr2bi/liquid-bulks.png]
[www.abports.co.uk/news-and-media/latest-news/2022/green-investment-holds-key-to-future-growth-says-simon-bird-regional-director-for-abp-humber/index.html]
[www.abports.co.uk/news-and-media/latest-news/2022/abp-graduate-training-scheme-2023-now-open-for-applications/index.html]
[www.abports.co.uk/media/b4ybjww3/offshore-wind.png]
[www.abports.co.uk/news-and-media/latest-news/2022/associated-british-ports-appoints-tim-morris-as-group-head-of-corporate-affairs/index.html]
[www.abports.co.uk/news-and-media/latest-news/2022/the-port-of-grimsby-opens-the-kasbah-to-visitors-for-one-day/index.html]
[www.abports.co.uk/media/shvbehib/project-cargo.png]
[www.abports.co.uk/media/4vhpygq5/rail-freight.png]
[www.abports.co.uk/news-and-media/latest-news/2022/abp-and-thomas-bell-sign-new-agreement-in-immingham/index.html]
[www.abports.co.uk/media/pc5ekhqy/ro-ro-and-ferries.png]
[www.abports.co.uk/media/o32o5m2e/steel.png]
[www.abports.co.uk/media/05ep4csy/marinas.png]
[www.abports.co.uk/media/s2ijcrjv/abp-property-other-websitesba6d.jpg]
[www.abports.co.uk/media/aplpzave/abp-devco-other-websites17d7.jpg]
[www.abports.co.uk/media/5kqew1pl/abpmer-other-websites04ee.jpg]
[www.abports.co.uk/media/xvph3vxv/3_13_524cc.jpg]
[www.abports.co.uk/media/eibp0jla/uk-dredging-other-websites019b.jpg]
[www.abports.co.uk/media/pnldvge3/abp-careers-other-websitesc024.jpg]
[www.abports.co.uk/media/4uznmepo/contact-us-homepage.jpg]
[www.abports.co.uk/media/yf2ltisu/sustainability-bottom-homepage.jpg]
[www.abports.co.uk/media/infpxe50/abp-whistleblowing-policy-jan2020.pdf]
[www.abports.co.uk/media/w0mecndm/abp-environmental-policy-statement.pdf]
[www.abports.co.uk/index.html]
[www.abports.co.uk/support/privacy-notice/index.html]
[www.abports.co.uk/support/terms-of-use/index.html]
[www.abports.co.uk/support/cookie-policy/index.html]
[www.abports.co.uk/dist/assets/fonts/svgicons.woff2]
[www.abports.co.uk/dist/assets/fonts/svgicons.woff]
[www.abports.co.uk/support/sitemap/index.html]
[www.abports.co.uk/dist/validationScripts/indexec0b.html]
[www.abports.co.uk/insurance-portal-claims/index.html]
[www.abports.co.uk/dist/assets/fonts/svgicons.ttf]
[www.abports.co.uk/dist/assets/fonts/PlayfairDisplay-Bold.woff2]
[www.abports.co.uk/dist/assets/fonts/PlayfairDisplay-Bold.woff]
[www.abports.co.uk/dist/assets/fonts/PlayfairDisplay-Bold.ttf]
[www.abports.co.uk/dist/assets/fonts/Roboto-Black.woff2]
[www.abports.co.uk/dist/assets/fonts/Roboto-Black.woff]
[www.abports.co.uk/dist/assets/fonts/Roboto-Black.ttf]
[www.abports.co.uk/dist/assets/fonts/Roboto-Bold.woff2]
[www.abports.co.uk/dist/assets/fonts/Roboto-Bold.woff]
[www.abports.co.uk/dist/assets/fonts/Roboto-Bold.ttf]
[www.abports.co.uk/dist/assets/fonts/Roboto-Light.woff2]
[www.abports.co.uk/dist/assets/fonts/Roboto-Light.woff]
[www.abports.co.uk/dist/assets/fonts/Roboto-Light.ttf]
[www.abports.co.uk/dist/assets/fonts/Roboto-Medium.woff2]
[www.abports.co.uk/dist/assets/fonts/Roboto-Medium.woff]
[www.abports.co.uk/dist/assets/fonts/Roboto-Medium.ttf]
[www.abports.co.uk/dist/assets/fonts/Roboto-Regular.woff2]
[www.abports.co.uk/dist/assets/fonts/Roboto-Regular.woff]
[www.abports.co.uk/dist/assets/fonts/Roboto-Regular.ttf]
[www.abports.co.uk/dist/assets/fonts/Roboto-Thin.woff2]
[www.abports.co.uk/dist/assets/fonts/Roboto-Thin.woff]
[www.abports.co.uk/dist/assets/fonts/Roboto-Thin.ttf]
[www.abports.co.uk/dist/bundles-styles/mained26.css]
[www.googletagmanager.com/gtm5445.html]
[www.abports.co.uk/media/5tghqhun/abp_webbanner_1920x506px2.jpg]
[www.abports.co.uk/media/h3wp2jeo/abp-annual-review-2022-digital-version.pdf]
[www.abports.co.uk/annual-review-2022/index.html]
[secure.care5alea.com/149047.html]
[www.abports.co.uk/media/3fzj21i1/abpcardiff-210623.jpg]
[www.abports.co.uk/media/emmfipcy/abp-future-ports-download.pdf]
[www.abports.co.uk/media/elsfm334/future-ports-wales-vision-welsh-language-version.pdf]
[www.abports.co.uk/cdn-cgi/l/email-protection.html]
[www.abports.co.uk/future-ports-wales-vision/index.html]
[www.abports.co.uk/cdn-cgi/scripts/5c5dd728/cloudflare-static/email-decode.min.js]
[www.abports.co.uk/media/e4qgqjam/suppliers-image-1_opt.jpg]
[www.abports.co.uk/media/40mpxof2/03-abp-standard-purchasing-t-cs-pdf.pdf]
[www.abports.co.uk/contacts/suppliers/index.html]
[www.abports.co.uk/media/0kpkcouc/abp-devco-page-banner-01feb2021.jpg]
[www.abports.co.uk/media/xvvp1hbi/ap-devco-map-with-ports-feb2021.png]
[www.abports.co.uk/media/b24bmo3n/fleetwood-haven-marina4168.jpg]
[www.abports.co.uk/media/r2qnn155/project-neptune1815.jpg]
[www.abports.co.uk/abp-devco/index.html]
[www.abports.co.uk/media/1kmnsbpd/logo.svg]
[www.abports.co.uk/media/shcb5ld1/logo-hover.svg]
[www.abports.co.uk/media/oaefinwp/2_1_1.jpg]
[www.abports.co.uk/media/jvnpsysc/abp-company-profile-aug2020.pdf]
[www.abports.co.uk/media/yotodnbs/who-we-are-stats.jpg]
[www.abports.co.uk/media/mm3fpnla/report-graphic-related-content.jpg]
[www.abports.co.uk/media/bmtfxwv0/ar21-related-content.jpg]
[www.abports.co.uk/about-abp/who-we-are/index.html]
[www.abports.co.uk/media/bhthkn1k/our-people-banner.jpg]
[www.abports.co.uk/media/qwmi2ssr/20171109_163527-01-daniel-parker.jpg]
[www.abports.co.uk/media/gyspneol/gender-diversity-1.jpg]
[www.abports.co.uk/about-abp/our-people/index.html]
[www.abports.co.uk/news-and-media/articles-and-blogs/2020/making-progress-on-the-road-to-chartered-status/index.html]
[www.abports.co.uk/news-and-media/articles-and-blogs/2020/the-power-of-connection/index.html]
[www.abports.co.uk/media/lxljhbz3/safety-banner.jpg]
[www.abports.co.uk/media/jcxeggiu/abp-hs-po001-health-and-safety-policy-statement.pdf]
[www.abports.co.uk/media/ailhxepq/abp-new.jpg]
[www.abports.co.uk/media/irkpdihd/02.jpg]
[www.abports.co.uk/about-abp/safety/index.html]
[www.abports.co.uk/media/v54gm4mm/abp-office.png]
[www.abports.co.uk/media/rtjdc2fh/dr_phil_nolan.jpg]
[www.abports.co.uk/news-and-media/latest-news/2022/abp-is-first-in-the-uk-to-trial-rombit-s-safety-wearables/index.html]
[www.abports.co.uk/media/g30pw5lz/henrik-pederson-headshot-may-2022.jpg]
[www.abports.co.uk/news-and-media/latest-news/2021/port-of-ipswich-expertly-handles-large-rice-vessel-operation/index.html]
[www.abports.co.uk/media/utijbtbi/marina-wyatt.jpg]
[www.abports.co.uk/about-abp/board-of-directors/index.html]
[www.abports.co.uk/media/2ecpxcxg/henrik-pederson-headshot-may-2022.jpg]
[www.abports.co.uk/media/sf0ftdj2/marina_406x280-for-live.jpg]
[www.abports.co.uk/media/ycnabgef/julian-walker-cropped-for-website.jpg]
[www.abports.co.uk/media/syon24q3/simon-bird-cropped-for-website.jpg]
[www.abports.co.uk/media/sdkdk0th/alastair-welch-cropped-for-website.jpg]
[www.abports.co.uk/media/k15h5oze/andrew-harston-for-exec-team-webpage.jpg]
[www.abports.co.uk/media/4c0cjwe0/mike-mccartain-cropped-for-website.jpg]
[www.abports.co.uk/media/mhwjik4i/alison-rumsey-cropped-for-website.jpg]
[www.abports.co.uk/media/gllpnhbc/angela-morgan_abp_headshots_july19-054_retouched_sq_forweb_2-1.png]
[www.abports.co.uk/media/sjpcp1da/harm_406x280.jpg]
[www.abports.co.uk/about-abp/executive-team/index.html]
[www.abports.co.uk/media/qumdushe/4_5_8.jpg]
[www.abports.co.uk/media/s5cfqmyy/abp-economic-impact-study.pdf]
[www.abports.co.uk/media/zm2paow2/mds-transmodal-report-brochure.pdf]
[www.abports.co.uk/media/x5dh111e/the-value-of-goods-report.pdf]
[www.abports.co.uk/media/dg2f2kac/00.jpg]
[www.abports.co.uk/media/mwhbz1qx/24.jpg]
[www.abports.co.uk/about-abp/economic-impact/index.html]
[www.abports.co.uk/news-and-media/articles-and-blogs/2017/putting-the-port-into-export/index.html]
[www.abports.co.uk/news-and-media/articles-and-blogs/2019/liam-fox-article/index.html]
[www.abports.co.uk/media/knujrgam/new-supporting-communities-page-1.jpg]
[www.abports.co.uk/media/x5gfd3tq/2_6_7.jpg]
[www.abports.co.uk/media/fv1lasm3/2_6_1.jpg]
[www.abports.co.uk/media/5pwhk3al/2_7_1.jpg]
[www.abports.co.uk/media/vx3lt5z5/19.jpg]
[www.abports.co.uk/media/dnfjpubg/07.jpg]
[www.abports.co.uk/about-abp/supporting-our-communities/index.html]
[www.abports.co.uk/media/hrameafo/microsoftteams-image-1.png]
[www.abports.co.uk/news-and-media/articles-and-blogs/2020/keep-on-running-read-will-wye-s-story/index.html]
[www.abports.co.uk/media/43wdv0c0/abp-sustainability-chart-2022-195a5.png]
[www.abports.co.uk/media/4dlhdwb3/group-1.png]
[www.abports.co.uk/news-and-media/latest-news/2021/maritime-uk-welcomes-associated-british-ports-to-the-diversity-in-maritime-charter-programme/index.html]
[www.abports.co.uk/media/5rwnr1zo/group-2.png]
[www.abports.co.uk/media/rdhfh1zt/group-3.png]
[www.abports.co.uk/media/nmhklh4a/group-4.png]
[www.abports.co.uk/media/uledevy1/group-5.png]
[www.abports.co.uk/media/sp0lyhju/group-6-copy-2.png]
[www.abports.co.uk/media/q03nhwf0/group-7.png]
[www.abports.co.uk/media/rkab5dvw/group-8.png]
[www.abports.co.uk/media/0b4ci3d5/abp-environmental-policy-statement-2022.pdf]
[www.abports.co.uk/media/ditd0kq2/pantone_288_block.jpg]
[www.abports.co.uk/media/enydbyqj/pantone_288_block.jpg]
[www.abports.co.uk/about-abp/sustainability-and-decarbonisation/index.html]
[www.abports.co.uk/media/qfjhojdv/3_6_3.jpg]
[www.abports.co.uk/media/xnbjuxwb/agribulks-icon-120x120.png]
[www.abports.co.uk/news-and-media/articles-and-blogs/2021/the-right-infrastructure-for-a-low-carbon-future/index.html]
[www.abports.co.uk/media/q4wh5xix/map.jpg]
[www.abports.co.uk/news-and-media/articles-and-blogs/2021/how-ports-can-be-the-catalyst-for-shipping-s-zero-carbon-transition/index.html]
[www.abports.co.uk/media/x4znluaa/agribulks.png]
[www.abports.co.uk/media/nltchoh2/agribulks-brochure.pdf]
[www.abports.co.uk/media/ya2ha23b/3_6_2.jpg]
[www.abports.co.uk/media/tzpltvv1/3_6_4.jpg]
[www.abports.co.uk/media/exjoxbug/3_6_5.jpg]
[www.abports.co.uk/media/lsmhkk5h/3_6_6.jpg]
[www.abports.co.uk/media/k0zbtysh/abp-humber-runner-article-image-10mar2022.jpg]
[www.abports.co.uk/media/0vhhyz3f/mantsinen-300m-in-blue.jpg]
[www.abports.co.uk/services/agribulks/index.html]
[www.abports.co.uk/media/45id1rm2/abports_27215305687_opt.jpg]
[www.abports.co.uk/media/km0fysut/6-automotive-blue.png]
[www.abports.co.uk/news-and-media/latest-news/2022/humber-runner-enters-service-from-riga-to-goole/index.html]
[www.abports.co.uk/media/5oxm3pra/map2.jpg]
[www.abports.co.uk/news-and-media/latest-news/2022/giant-mantsinen-300-from-finland-heads-west-to-abp-port-of-immingham/index.html]
[www.abports.co.uk/media/4m3jow4b/automotive.png]
[www.abports.co.uk/media/f0dj5goh/3_11_1.jpg]
[www.abports.co.uk/media/xu2pthh1/3_11_2.jpg]
[www.abports.co.uk/media/3jojre1s/3_11_3.jpg]
[www.abports.co.uk/media/x2qjzr1z/3_11_4.jpg]
[www.abports.co.uk/media/om0a4a50/kia-at-shed-35.jpg]
[www.abports.co.uk/media/5kzn24l0/rail-business-awards.jpg]
[www.abports.co.uk/services/automotive/index.html]
[www.abports.co.uk/news-and-media/latest-news/2022/team-abp-score-gold-for-major-customer/index.html]
[www.abports.co.uk/media/xcqk2mju/3_8_17.jpg]
[www.abports.co.uk/news-and-media/latest-news/2022/abp-and-db-cargo-uk-win-for-rail-freight-logistics-excellence/index.html]
[www.abports.co.uk/media/rdgbdtso/9-bulk-energy-blue.png]
[www.abports.co.uk/media/uuadgmjk/bulk-energy.png]
[www.abports.co.uk/media/zfhohead/bulk-energy-brochure.pdf]
[www.abports.co.uk/media/5fbjarmo/3_8_1.jpg]
[www.abports.co.uk/media/px5p1sip/3_8_4.jpg]
[www.abports.co.uk/media/440hrpmi/3_8_5.jpg]
[www.abports.co.uk/media/j15dd1ai/3_8_10.jpg]
[www.abports.co.uk/media/vqfgo4yy/3_8_15.jpg]
[www.abports.co.uk/media/u4bpaxun/3_8_16.jpg]
[www.abports.co.uk/media/pnukmtkd/3_8_18.jpg]
[www.abports.co.uk/media/wlues14g/3_8_17.jpg]
[www.abports.co.uk/media/1ckfnmqr/3_8_19.jpg]
[www.abports.co.uk/media/2phdbq10/3_8_20.jpg]
[www.abports.co.uk/services/bulk-energy/index.html]
[www.abports.co.uk/media/rf4nvpe1/3_7_8.jpg]
[www.abports.co.uk/media/aaplaogv/12-steel-blue.png]
[www.abports.co.uk/media/a1mhjrop/construction.png]
[www.abports.co.uk/media/5xzoe4pe/construction-brochure.pdf]
[www.abports.co.uk/media/hlelcvha/3_7_1.jpg]
[www.abports.co.uk/media/fqmeqt2m/3_7_2.jpg]
[www.abports.co.uk/media/w3ffr5b2/3_7_3.jpg]
[www.abports.co.uk/media/hgdbr2m4/3_7_4.jpg]
[www.abports.co.uk/media/ejkig4yw/3_7_6.jpg]
[www.abports.co.uk/media/vhjdse1p/3_7_7.jpg]
[www.abports.co.uk/media/t0sjk0wt/3_7_8.jpg]
[www.abports.co.uk/media/3fed4drb/groupprocurementframework.jpg]
[www.abports.co.uk/media/4xln5y4o/abp-port-talbot-article-image-08dec2021.jpg]
[www.abports.co.uk/services/construction/index.html]
[www.abports.co.uk/media/ntipaunx/4_2_9.jpg]
[www.abports.co.uk/media/qdgisjjf/13-containers-blue.png]
[www.abports.co.uk/news-and-media/latest-news/2022/abp-launches-new-group-professional-services-framework/index.html]
[www.abports.co.uk/media/i3shmmur/containers.png]
[www.abports.co.uk/news-and-media/latest-news/2021/abp-and-tarmac-sign-new-long-term-agreement-in-port-talbot/index.html]
[www.abports.co.uk/media/1kvprhni/3_9_1.jpg]
[www.abports.co.uk/media/2dzj1ds4/3_9_2.jpg]
[www.abports.co.uk/media/nosfyjqg/3_9_3.jpg]
[www.abports.co.uk/media/iugniw0e/3_9_4.jpg]
[www.abports.co.uk/media/muznpj0e/29.jpg]
[www.abports.co.uk/services/containers/index.html]
[www.abports.co.uk/media/mzzhlujd/3_5_4.jpg]
[www.abports.co.uk/news-and-media/articles-and-blogs/2017/southampton-interview/index.html]
[www.abports.co.uk/media/r4lpozkj/cruise.png]
[www.abports.co.uk/news-and-media/articles-and-blogs/2018/humber-gateway/index.html]
[www.abports.co.uk/media/copac0dq/horizon-cruise-termial-1.jpg]
[www.abports.co.uk/media/qfdpklch/abp_cruise_brochure_2022.pdf]
[www.abports.co.uk/media/bc4paw25/3_5_1.jpg]
[www.abports.co.uk/media/l0fhosya/3_5_2.jpg]
[www.abports.co.uk/media/llhfj5hw/3_5_3.jpg]
[www.abports.co.uk/media/z5ppethg/3_5_4.jpg]
[www.abports.co.uk/media/ugojysgs/pont-aven-2019-2.jpg]
[www.abports.co.uk/media/1xph4dd1/troon-welcomes-the-maiden-call-of-the-ms-island-sky.jpg]
[www.abports.co.uk/services/cruise/index.html]
[www.abports.co.uk/news-and-media/latest-news/2022/abp-cruise-ready-for-busy-year/index.html]
[www.abports.co.uk/news-and-media/latest-news/2022/wales-and-short-sea-ports-celebrate-strong-year-for-cruise/index.html]
[www.abports.co.uk/media/pvfkkhby/dry-bulks-banner.jpg]
[www.abports.co.uk/media/5cgapjpp/dry-bulk-kings-lynn-slider.jpg]
[www.abports.co.uk/media/nj5hl0y0/dry-bulk-inside-slider.jpg]
[www.abports.co.uk/services/dry-bulk/index.html]
[www.abports.co.uk/media/ocmdjwat/3_4_8.jpg]
[www.abports.co.uk/media/fkdbq5ae/11-forest-products-blue.png]
[www.abports.co.uk/media/pnmn3xma/forest-products.png]
[www.abports.co.uk/media/xp4nk22p/04-forest-products_sector_nov19.pdf]
[www.abports.co.uk/media/q3zi05nr/3_4_1.jpg]
[www.abports.co.uk/media/gqodypdv/3_4_2.jpg]
[www.abports.co.uk/media/13rnlfys/3_4_3.jpg]
[www.abports.co.uk/media/wtanvfrv/3_4_4.jpg]
[www.abports.co.uk/media/thlazubo/3_4_5.jpg]
[www.abports.co.uk/media/xrsbj0lg/king-s-lynn.jpg]
[www.abports.co.uk/media/vzecazmr/abp-seacon-press-release-10feb2022.jpg]
[www.abports.co.uk/services/forest-products/index.html]
[www.abports.co.uk/news-and-media/latest-news/2022/timber-terminal-at-port-of-king-s-lynn-hits-growth-targets/index.html]
[www.abports.co.uk/media/bohp33ms/3_14_3.jpg]
[www.abports.co.uk/news-and-media/latest-news/2022/seacon-sg-replants-its-roots-at-the-port-of-garston/index.html]
[www.abports.co.uk/media/04lmdphl/15-liquid-bulks-blue.png]
[www.abports.co.uk/media/gyonjypd/liquid-bulks.png]
[www.abports.co.uk/media/r5elv4hw/liquid-bulks_sector_a4_nov19.pdf]
[www.abports.co.uk/media/zosbzwu5/3_14_1.jpg]
[www.abports.co.uk/media/0mzj0yei/3_14_2.jpg]
[www.abports.co.uk/media/eqehv5g3/3_14_6.jpg]
[www.abports.co.uk/media/lrxjjkvo/3_14_7.jpg]
[www.abports.co.uk/media/5zbdxhv1/3_14_8.jpg]
[www.abports.co.uk/media/s3tb4vj4/3_14_9.jpg]
[www.abports.co.uk/media/b4pj4vz0/3_14_10.jpg]
[www.abports.co.uk/media/ljcpk00y/08.jpg]
[www.abports.co.uk/media/xhwj5mw5/project-plastic01-26.png]
[www.abports.co.uk/services/liquid-bulks/index.html]
[www.abports.co.uk/media/jcnjuh5k/3_3_4.jpg]
[www.abports.co.uk/news-and-media/articles-and-blogs/2018/beyond-zero/index.html]
[www.abports.co.uk/media/mwmbwafa/3-offshore-wind-blue.png]
[www.abports.co.uk/media/tlnfwnew/offshore-wind.png]
[www.abports.co.uk/media/e4peeyyj/offshore-wind-brochure.pdf]
[www.abports.co.uk/media/axagtfb3/3_3_1.jpg]
[www.abports.co.uk/media/044gogwj/3_3_2.jpg]
[www.abports.co.uk/media/cwqhptx2/3_3_3.jpg]
[www.abports.co.uk/media/0fantisj/3_3_4.jpg]
[www.abports.co.uk/media/5dpd54oy/3_3_6.jpg]
[www.abports.co.uk/media/emre2ahg/3_3_7.jpg]
[www.abports.co.uk/media/3xdcubmo/3_3_8.jpg]
[www.abports.co.uk/media/m5pnvhdc/3_3_10.jpg]
[www.abports.co.uk/media/t4zpay1x/3_3_11.jpg]
[www.abports.co.uk/media/tu0hjwd4/port-of-lowestoft.png]
[www.abports.co.uk/media/3pidhnnj/abp-wales-article-image.png]
[www.abports.co.uk/services/offshore-wind/index.html]
[www.abports.co.uk/news-and-media/latest-news/2021/milestone-reached-for-abp-s-25-million-development-for-the-offshore-wind-industry/index.html]
[www.abports.co.uk/news-and-media/latest-news/2021/virtual-event-explores-the-future-role-of-wales-ports/index.html]
[www.abports.co.uk/media/bryau32d/the-revolutionary-fighter-jet-being-lifted-on-the-happy-delta-vessel-at-the-port-of-immingham_opt.jpg]
[www.abports.co.uk/media/s3sboyj3/16-project-cargo-blue.png]
[www.abports.co.uk/media/ka0dkck5/project-cargo.png]
[www.abports.co.uk/media/tyod5bsn/cargo-sector-brochure.pdf]
[www.abports.co.uk/media/x03fjbss/3_1_5.jpg]
[www.abports.co.uk/media/duxhxwyp/3_1_6.jpg]
[www.abports.co.uk/media/znhbhpir/3_1_7.jpg]
[www.abports.co.uk/media/hr2lmtfo/3_1_8.jpg]
[www.abports.co.uk/media/br4en5rd/3_1_10.jpg]
[www.abports.co.uk/media/jcffduwg/3_1_2.jpg]
[www.abports.co.uk/media/w1poyanf/3_1_3.jpg]
[www.abports.co.uk/media/d1imqflr/3_1_4.jpg]
[www.abports.co.uk/media/k4dbtw4u/20.jpg]
[www.abports.co.uk/media/jo3bdiyr/27.jpg]
[www.abports.co.uk/services/project-cargo/index.html]
[www.abports.co.uk/news-and-media/articles-and-blogs/2018/the-humber-gives-us-all-the-options/index.html]
[www.abports.co.uk/media/yvudf40u/3_12_1.jpg]
[www.abports.co.uk/news-and-media/articles-and-blogs/2017/short-sea-ports/index.html]
[www.abports.co.uk/media/f55ndwkp/17-rail-freight-blue.png]
[www.abports.co.uk/media/3ehitz2c/rail-freight.png]
[www.abports.co.uk/media/ripphvnb/3_12_1.jpg]
[www.abports.co.uk/media/vfnpmgm1/3_12_2.jpg]
[www.abports.co.uk/media/bhjphuik/3_12_3.jpg]
[www.abports.co.uk/media/i5njsdqo/3_12_4.jpg]
[www.abports.co.uk/media/mbkhc4bg/3_12_7.jpg]
[www.abports.co.uk/media/4uvhygyz/rail-freight-3-abp_hamshall_byhakuba-130.jpg]
[www.abports.co.uk/media/reqj3o2b/abp-hands-hams-hall-operations-to-maritime-transport.jpg]
[www.abports.co.uk/services/rail-freight/index.html]
[www.abports.co.uk/media/wv2fhunh/3_10_1.jpg]
[www.abports.co.uk/news-and-media/latest-news/2022/abp-hands-hams-hall-operations-to-maritime-transport/index.html]
[www.abports.co.uk/media/4s1by0eb/18-ro-ro-and-ferries-blue.png]
[www.abports.co.uk/media/ccpkmtuc/ro-ro-and-ferries.png]
[www.abports.co.uk/media/evzhh1cq/abp-brexit-resilience-brochure.pdf]
[www.abports.co.uk/media/z03bjpwm/ro-ro-and-ferries-brochure.pdf]
[www.abports.co.uk/media/za0puvkv/3_10_1.jpg]
[www.abports.co.uk/media/hbhmvmtu/3_10_2.jpg]
[www.abports.co.uk/media/d33fsc3p/3_10_3.jpg]
[www.abports.co.uk/media/zwkfev24/3_10_4.jpg]
[www.abports.co.uk/media/sb3dokns/14.jpg]
[www.abports.co.uk/services/ro-ro-and-ferries/index.html]
[www.abports.co.uk/media/fmumnj1l/abports_34574837612_opt.jpg]
[www.abports.co.uk/news-and-media/articles-and-blogs/2017/flemish-transport-minister/index.html]
[www.abports.co.uk/media/uxvkvsyp/steel-and-other-metals.png]
[www.abports.co.uk/media/asoalepn/steel-brochure.pdf]
[www.abports.co.uk/media/s4ade52y/3_2_1.jpg]
[www.abports.co.uk/media/1pzdpnpn/3_2_2.jpg]
[www.abports.co.uk/media/hibfneud/3_2_6.jpg]
[www.abports.co.uk/media/sa5bnvo1/3_2_7.jpg]
[www.abports.co.uk/media/nmdfpksv/3_2_8.jpg]
[www.abports.co.uk/media/nncfqpqz/3_2_16.jpg]
[www.abports.co.uk/services/steel-and-other-metals/index.html]
[www.abports.co.uk/media/mweegkdd/3_13_5.jpg]
[www.abports.co.uk/media/xtadrhjs/3_13_2.jpg]
[www.abports.co.uk/media/gdfln13v/3_13_3.jpg]
[www.abports.co.uk/media/1klfhedw/3_13_4.jpg]
[www.abports.co.uk/media/0o4hrurn/3_13_5.jpg]
[www.abports.co.uk/media/ohrfzeou/3_13_6.jpg]
[www.abports.co.uk/media/mfxmf2li/3_13_7.jpg]
[www.abports.co.uk/media/ligghj1m/3_13_10.jpg]
[www.abports.co.uk/services/marinas/index.html]
[www.abports.co.uk/media/my0j3tkk/4_20_9.jpg]
[www.abports.co.uk/news-and-media/articles-and-blogs/2018/project-plastic-working-together-to-clean-up-our-seas/index.html]
[www.abports.co.uk/media/3vqiotr0/00-ayr.jpg]
[www.abports.co.uk/media/5dea3w5v/ayr-port-plan.pdf]
[www.abports.co.uk/media/nbbf50ag/abp-port-charges-ayr-and-troon-2022.pdf]
[www.abports.co.uk/media/0rqicekp/pilotage-fuel-surcharge-ayr-troon.pdf]
[www.abports.co.uk/media/hrslrcyf/map_ayr.jpg]
[www.abports.co.uk/media/m4ec3www/4_20_9.jpg]
[www.abports.co.uk/media/5pkikhff/4_20_1.jpg]
[www.abports.co.uk/media/obejkamd/4_20_3.jpg]
[www.abports.co.uk/media/3j3l3imy/4_20_8.jpg]
[www.abports.co.uk/media/s2ifbojh/4_20_7.jpg]
[www.abports.co.uk/media/51khrnkk/4_20_10.jpg]
[www.abports.co.uk/media/33eijqeo/4_20_14.jpg]
[www.abports.co.uk/media/nqbduiqd/4_20_11.jpg]
[www.abports.co.uk/media/ueqiq2bt/4_20_12.jpg]
[www.abports.co.uk/media/qoyf43k3/lntm-01-2022-st-nicholas-buoy-operational.pdf]
[www.abports.co.uk/media/smql2pj3/lntm-03-2022-sanctions-against-russian-shipping.pdf]
[www.abports.co.uk/media/c5yfwccy/lntm-04-2022-dredging-operations-port-of-ayr.pdf]
[www.abports.co.uk/media/lfel3wuv/lntm-05-2022-st-nicholas-buoy-operational.pdf]
[www.abports.co.uk/media/vuqh24pw/lntm-06-2022-dredging-operations-port-of-ayr.pdf]
[www.abports.co.uk/media/dj5jxlvz/ayr-ntm-07-of-2022-new-inner-st-nicholas-buoy.pdf]
[www.abports.co.uk/media/nldlzbou/lntm-01-2021-survey-operations-port-of-ayr.pdf]
[www.abports.co.uk/media/jc2atrqo/lntm-02-2021-restrictions-on-shore-leave-for-visiting-ships.pdf]
[www.abports.co.uk/media/0lgiybhz/lntm-04-2021-north-breakwater-light-operational.pdf]
[www.abports.co.uk/media/nqhkfuvz/lntm-08-2021-dredging-operations-port-of-ayr.pdf]
[www.abports.co.uk/media/qzjocznk/lntm-09-2021-maritime-declaration-of-health-update.pdf]
[www.abports.co.uk/media/khzavhzk/supplementary-questions-in-addition-to-maritime-declaration-of-health.pdf]
[www.abports.co.uk/media/qgghkfzh/lntm-13-2021-port-of-ayr-euchar-buoy.pdf]
[www.abports.co.uk/media/2qojio30/lntm-15-2021-port-of-ayr-diving-operations.pdf]
[www.abports.co.uk/media/owfow04m/lntm-07-2020-maritime-declaration-of-health.pdf]
[www.abports.co.uk/media/4dulz3zv/lntm-15-2020-dredging-operations-port-of-ayr.pdf]
[www.abports.co.uk/media/epghmum1/lntm-16-2020-ayr-pilotage-directions-revision-consultation.pdf]
[www.abports.co.uk/media/dqpdd2c3/lntm-16-2020-attachment-pilotage-directions-ayr.pdf]
[www.abports.co.uk/media/y54cxnz2/lntm-18-2020-attachment-revised-pilotage-directions-ayr.pdf]
[www.abports.co.uk/media/pfjj4tgw/lntm-18-2020-attachment-revised-pilotage-directions-ayr.pdf]
[www.abports.co.uk/media/hv5kzwix/lntm-22-2020-dredging-operations-port-of-ayr.pdf]
[www.abports.co.uk/media/jdidgezi/lntm-24-2020-leading-light-operational.pdf]
[www.abports.co.uk/media/so4dwwdo/lntm-26-2020-st-nicholas-buoy-operational.pdf]
[www.abports.co.uk/media/siomqgm0/lntm-27-2020-hmrc-s-notice-69-reports-and-clearance-by-ship-s-masters.pdf]
[www.abports.co.uk/media/lehonor5/lntm-1_2017.pdf]
[www.abports.co.uk/media/ntgnj3nc/lntm-2_2017.pdf]
[www.abports.co.uk/media/vzzoinav/lntm-3_2017.pdf]
[www.abports.co.uk/media/m4wlijcd/lntm-4_2017.pdf]
[www.abports.co.uk/media/4symba3l/mgn-369.pdf]
[www.abports.co.uk/media/ubqourq2/abp-standard-terms-and-conditions-of-trade-1-january-2022.pdf]
[www.abports.co.uk/locations/ayr/index.html]
[www.abports.co.uk/media/kodbz3ro/4_11_22.jpg]
[www.abports.co.uk/media/c4dl2tky/00-barrow.jpg]
[www.abports.co.uk/media/11cpjj1e/ssp-port-of-barrow.pdf]
[www.abports.co.uk/media/145ih4lp/port-charges-barrow-2022.pdf]
[www.abports.co.uk/media/ijdnwmnm/pilotage-fuel-surcharge-barrow.pdf]
[www.abports.co.uk/media/tk5ks5vl/map_barrow.jpg]
[www.abports.co.uk/media/4qpjatyv/0439_barrow-ramsden-dock-_22_format2.pdf]
[www.abports.co.uk/media/wegbyfuu/port-of-barrow-pilotage-directions.pdf]
[www.abports.co.uk/media/pz2cutbk/abp-port-of-barrow-new-vessel-arrival-form-sep-22.docx]
[www.abports.co.uk/media/t0olyfyt/port-of-barrow-towage-guidelines_final_v1_0-1.pdf]
[www.abports.co.uk/media/w4zcykgh/abp-port-charges-barrow-2022.pdf]
[www.abports.co.uk/media/4k4lpab2/general-bunkering-conditions.pdf]
[www.abports.co.uk/media/myulkz1a/bunker-notification-form-abp-barrow-1.docx]
[www.abports.co.uk/media/tsnbzomt/abp-barrow-bunkering-checklist.pdf]
[www.abports.co.uk/media/phlocqx2/abp-hs-fm080-hot-work-permission.pdf]
[www.abports.co.uk/media/3appqlme/reminder-for-masters-of-cers3-requirements.pdf]
[www.abports.co.uk/media/si5hu2ej/dangerous-goods-in-harbour-areas-regulations-2016.pdf]
[www.abports.co.uk/media/j5apmpnw/barrow-pwmp-jan-2009.pdf]
[www.abports.co.uk/media/cg1fgnpg/port-of-barrow-byelaws-1985.pdf]
[www.abports.co.uk/media/bkkn0lps/barrow-navigation-notices-marinersa329.jpg]
[www.abports.co.uk/media/b5ih022j/barrow-lntm-2022-39-cancelation-of-lntm-38-west-pile-beacon-extinguished.pdf]
[www.abports.co.uk/media/odihga3m/barrow-lntm-2022-37-cancellation-of-lntm-36-obstruction-in-walney-channel.pdf]
[www.abports.co.uk/media/dvydsgcl/barrow-lntm-2022-34-maintenance-dredge-barrow-channel.pdf]
[www.abports.co.uk/media/a1ilskbb/barrow-lntm-2022-32-lightnong-knoll-permanently-discontinued.pdf]
[www.abports.co.uk/media/z1ojcxhs/barrow-lntm-2022-27-proposed-removal-west-pile.pdf]
[www.abports.co.uk/media/pnmpdglr/barrow-lntm-2022-24-castle-12-14-buoys-removed.pdf]
[www.abports.co.uk/media/aydb0q4f/barrow-ntm-21-of-2021-channel-constant-update.pdf]
[www.abports.co.uk/media/1sxbub4z/barrow-ntm-20-of-20-covid19.pdf]
[www.abports.co.uk/media/4rbi1xdy/barrow-lntm-2020-11-maritime-declaration-of-health-coronavirus.pdf]
[www.abports.co.uk/media/11domryu/barrow-ntm-2014-55-hull-cleaning.pdf]
[www.abports.co.uk/media/hjvj4hmb/ncpfinal.pdf]
[www.abports.co.uk/media/3jfln22l/abp-barrow-oscp-v4_jan-2014_update-2017_website-plan.pdf]
[www.abports.co.uk/media/zhgbnfdd/gender-diversity.jpg]
[www.abports.co.uk/locations/barrow/index.html]
[www.abports.co.uk/news-and-media/articles-and-blogs/2018/gender-diversity/index.html]
[www.abports.co.uk/media/e4tix4nr/4_10_3.jpg]
[www.abports.co.uk/media/fj4ixuo0/05_paul_litten.png]
[www.abports.co.uk/media/xcohqhtk/wales-vision-page-image.jpg]
[www.abports.co.uk/media/lcamc4zb/south-wales-port-of-barry.pdf]
[www.abports.co.uk/media/pqlp2xg5/abp-port-charges-south-wales-2022.pdf]
[www.abports.co.uk/media/fuope0gl/pilotage-fuel-surcharge-south-wales.pdf]
[www.abports.co.uk/media/x1gfultb/4_10_1.jpg]
[www.abports.co.uk/media/qymfxtr0/4_10_2.jpg]
[www.abports.co.uk/media/zcabellf/abp-barry-port-5.jpg]
[www.abports.co.uk/media/dlmigs0q/abp-barry-port-14.jpg]
[www.abports.co.uk/media/5npdmmff/barry-aerial-april-2016-18.jpg]
[www.abports.co.uk/media/edxejrmi/map_barry.jpg]
[www.abports.co.uk/media/hg2hgs2s/28.jpg]
[www.abports.co.uk/media/mhzohg2d/25.jpg]
[www.abports.co.uk/locations/barry/index.html]
[www.abports.co.uk/news-and-media/articles-and-blogs/2017/south-wales/index.html]
[www.abports.co.uk/news-and-media/articles-and-blogs/2017/rfg/index.html]
[www.abports.co.uk/media/pf3dnbm2/4_8_18.jpg]
[www.abports.co.uk/media/nkwf5hra/south-wales-port-of-cardiff.pdf]
[www.abports.co.uk/media/3bxj4r5x/map_newport.jpg]
[www.abports.co.uk/media/ra0jrd4f/4_8_1.jpg]
[www.abports.co.uk/media/lundykww/4_8_4.jpg]
[www.abports.co.uk/media/ryff3zaf/4_8_13.jpg]
[www.abports.co.uk/media/vsqlshff/4_8_18.jpg]
[www.abports.co.uk/media/yh4pqijg/4_8_16.jpg]
[www.abports.co.uk/media/g2idmqyh/4_8_3.jpg]
[www.abports.co.uk/media/1ibaculk/cardiff-acceptance-table-nov-17.pdf]
[www.abports.co.uk/media/nb5hqfno/16.jpg]
[www.abports.co.uk/locations/cardiff/index.html]
[www.abports.co.uk/media/synhbn5y/4_14_13.jpg]
[www.abports.co.uk/media/cuehf5hw/ssp-port-of-fleetwood.pdf]
[www.abports.co.uk/media/ffvfbnai/map_fleetwood.jpg]
[www.abports.co.uk/news-and-media/articles-and-blogs/2018/hms-cambria/index.html]
[www.abports.co.uk/media/2ujp2k3d/lntm-01-2016-list-of-current-lntms-in-force.pdf]
[www.abports.co.uk/media/1bwbbhqx/lntm-02-2016-sluicing-dates.pdf]
[www.abports.co.uk/media/3ymfs1rk/lntm-11-2016-controlling-depth.pdf]
[www.abports.co.uk/media/ul3my5jt/lntm-12-2016-trial-buoy.pdf]
[www.abports.co.uk/media/hf0ov1ed/lntm-21-2015-obstruction.pdf]
[www.abports.co.uk/media/p45ihq02/notice-no1-2014-general-directions-for-navigation.doc]
[www.abports.co.uk/media/wiml4ry2/lntm-27-2014-bunkering-requirements.pdf]
[www.abports.co.uk/media/uf3k2hzx/lntm-30-2014-hull-cleaning.pdf]
[www.abports.co.uk/media/fbdh42p0/lntm-42-2014-vhf-radio-frequencies.pdf]
[www.abports.co.uk/locations/fleetwood/index.html]
[www.abports.co.uk/media/o1whd3r1/4_13_11.jpg]
[www.abports.co.uk/media/4qce31bj/ssp-port-of-garston.pdf]
[www.abports.co.uk/media/qgnlatyg/ntm-no-009-2019.pdf]
[www.abports.co.uk/media/f21h00by/port-charges-garston-2022.pdf]
[www.abports.co.uk/media/kvhjj24f/map_garston.jpg]
[www.abports.co.uk/media/0ibljxic/4_13_5.jpg]
[www.abports.co.uk/media/j2iaodkw/4_13_4.jpg]
[www.abports.co.uk/media/bqnj4u2e/4_13_6.jpg]
[www.abports.co.uk/media/rcpmx0dj/4_13_10.jpg]
[www.abports.co.uk/media/v5ijanc0/4_13_13.jpg]
[www.abports.co.uk/media/tvnpmwtj/4_13_16.jpg]
[www.abports.co.uk/media/wifppyvs/4_13_26.jpg]
[www.abports.co.uk/media/2k1nph0z/4_13_42.jpg]
[www.abports.co.uk/media/ylulp3ow/4_13_37.jpg]
[www.abports.co.uk/media/mdwnpj5e/4_13_33.jpg]
[www.abports.co.uk/media/qc4gk5w5/garston-oscp-version-3-2016-for-web.pdf]
[www.abports.co.uk/media/ruxm1vl3/ntm-no-001-2022.pdf]
[www.abports.co.uk/media/cdsldhpv/ntm-no-002-2022-1.pdf]
[www.abports.co.uk/media/qrvpchir/port-of-garston-ntm-004-lock-closure.pdf]
[www.abports.co.uk/media/hf3kfida/ntm-no-005-2022.pdf]
[www.abports.co.uk/media/0wsmbok1/ntm-no-006-2022.pdf]
[www.abports.co.uk/media/z15n3inb/ntm-no-007-2022.pdf]
[www.abports.co.uk/media/sg5jlo22/ntm-no-008-2022.pdf]
[www.abports.co.uk/media/bsfha3dp/ntm-no-010-2022.pdf]
[www.abports.co.uk/media/oa0bfbxz/ntm-no-001-2021.pdf]
[www.abports.co.uk/media/53rf4vx5/ntm-no-002-2021.pdf]
[www.abports.co.uk/media/fcqp4ako/abp-garrston-ntm-no-03-of-2021.pdf]
[www.abports.co.uk/media/z4xd2eon/ntm-no-004-2021.pdf]
[www.abports.co.uk/media/wpabl2jp/abp-garston-ntm-no-05-of-2021.pdf]
[www.abports.co.uk/media/1vdloutr/abp-garston-ntm-no-06-of-2021.pdf]
[www.abports.co.uk/media/jzjjb32g/abp-garston-ntm-no-07-of-2021.pdf]
[www.abports.co.uk/media/a4hh3ueh/garston-ntm-09-of-2021.pdf]
[www.abports.co.uk/media/yyllebvn/ntm-no-010-2021.pdf]
[www.abports.co.uk/media/01jbs4vd/abp-garston-ntm-11-of-2021.pdf]
[www.abports.co.uk/media/tzob5lzc/ntm-no-001-2020.pdf]
[www.abports.co.uk/media/a2lfwtmn/ntm-no-003-2020.pdf]
[www.abports.co.uk/media/yoloui4x/ntm-no-003-2020.pdf]
[www.abports.co.uk/media/wpihbtdr/ntm-no-004-2020.pdf]
[www.abports.co.uk/media/evjbmd2f/ntm-no-005-2020.pdf]
[www.abports.co.uk/media/okzn1x5x/abp-garston-ntm-no-06-2020.pdf]
[www.abports.co.uk/media/juql1blr/abp-garston-ntm-no-07-2020.pdf]
[www.abports.co.uk/media/0wac1pl0/ntm-no-008-2020.pdf]
[www.abports.co.uk/media/qeqbdt0y/ntm-no-009-2020.pdf]
[www.abports.co.uk/media/zkwb2gty/abp-garston-ntm-no-10-2020.pdf]
[www.abports.co.uk/media/t0wppfhw/ntm-no-011-2020.pdf]
[www.abports.co.uk/media/ffvolqnp/abp-garston-ntm-no-12-2020.pdf]
[www.abports.co.uk/media/rphnxg5o/ntm-no_001-2019.pdf]
[www.abports.co.uk/media/1aiia1v4/ntm-no_002-2019.pdf]
[www.abports.co.uk/media/0mmiiw3b/ntm-no-003-2019.pdf]
[www.abports.co.uk/media/efxpoxbs/ntm-no-004-2019.pdf]
[www.abports.co.uk/media/kfzjmqri/ntm-no-005-2019.pdf]
[www.abports.co.uk/media/rgeftmbt/ntm-no-006-2019.pdf]
[www.abports.co.uk/media/034lyyge/abp-garston-ntm-007-2019.pdf]
[www.abports.co.uk/media/u5ehlr50/ntm-no_002-2018.pdf]
[www.abports.co.uk/media/ugwfys2c/ntm-no_003-2018.pdf]
[www.abports.co.uk/media/kc3bjkfz/ntm-no_004-2018.pdf]
[www.abports.co.uk/media/iiefktmz/ntm-no_005-2018.pdf]
[www.abports.co.uk/media/ajclaskp/ntm-no_006-2018.pdf]
[www.abports.co.uk/media/14qbs4dq/abp-port-charges-garston-2021.pdf]
[www.abports.co.uk/locations/garston/index.html]
[www.abports.co.uk/media/wdemyhx3/4_4_3.jpg]
[www.abports.co.uk/media/cq2pfsrt/01_chris_bowlas.png]
[www.abports.co.uk/media/xxnbujll/goole-acrylic-1245-x-770-sb-office-hull.pdf]
[www.abports.co.uk/media/3dubvnkj/humber-freeport-potential-tax-site-information-capture-pro-forma.pdf]
[www.abports.co.uk/media/bfljgxfw/humber-freeport.pdf]
[www.abports.co.uk/media/kfhcx34j/humber-freeport-potential-tax-site-information-capture-pro-forma.docx]
[www.abports.co.uk/media/jb5flpxq/4_4_1.jpg]
[www.abports.co.uk/media/f0snxdyz/4_4_2.jpg]
[www.abports.co.uk/media/2nxnqicx/4_4_3.jpg]
[www.abports.co.uk/media/2pxjnibu/4_4_4.jpg]
[www.abports.co.uk/media/ifzbtu2o/4_4_5.jpg]
[www.abports.co.uk/media/xj1bxdtj/map_goole.jpg]
[www.abports.co.uk/locations/goole/index.html]
[www.abports.co.uk/media/fqelcjfi/4_3_9.jpg]
[www.abports.co.uk/media/ezxd0b1k/abp-brexit-resilience-brochure.pdf]
[www.abports.co.uk/media/rlqcf42y/grimsby-acrylic-1245-x-770-sb-office-hull.pdf]
[www.abports.co.uk/media/ip0ldfe5/4_3_10.jpg]
[www.abports.co.uk/media/dt1pjp0z/4_3_9.jpg]
[www.abports.co.uk/media/z2mnpsfo/4_3_5.jpg]
[www.abports.co.uk/media/zrlco25r/4_3_1.jpg]
[www.abports.co.uk/media/qsqlpcpb/4_3_2.jpg]
[www.abports.co.uk/media/u4lpnald/4_3_6.jpg]
[www.abports.co.uk/media/kohdmr34/4_3_3.jpg]
[www.abports.co.uk/media/uglfifgo/4_3_14.jpg]
[www.abports.co.uk/media/jg1l2fci/map_grimsby.jpg]
[www.abports.co.uk/locations/grimsby/index.html]
[www.abports.co.uk/media/sbanxsug/albert-william-wright-dock-port-plan.pdf]
[www.abports.co.uk/media/qngjk5a5/hull-acrylic-1245-x-770-sb-hull-office.pdf]
[www.abports.co.uk/media/untn13eu/4_2_1.jpg]
[www.abports.co.uk/media/p3al2nbc/4_2_3.jpg]
[www.abports.co.uk/media/svbmxw4x/4_2_4.jpg]
[www.abports.co.uk/media/ckanrdbm/4_2_5.jpg]
[www.abports.co.uk/media/elemo2bt/4_2_6.jpg]
[www.abports.co.uk/media/25qbx4vr/4_2_7.jpg]
[www.abports.co.uk/media/havjcanr/4_2_9.jpg]
[www.abports.co.uk/media/tobhwpim/4_2_10.jpg]
[www.abports.co.uk/media/qazfsrw3/map_hull.jpg]
[www.abports.co.uk/locations/hull/index.html]
[www.abports.co.uk/media/zusbumdi/4_1_24.jpg]
[www.abports.co.uk/media/gsdojpug/immingham-acrylic-1245-x-770-sb-office-hull.pdf]
[www.abports.co.uk/media/e03h5yau/4_1_11.jpg]
[www.abports.co.uk/media/3wqgjd2l/4_1_12.jpg]
[www.abports.co.uk/news-and-media/latest-news/2018/major-expansion-to-uk-s-biggest-port-announced/index.html]
[www.abports.co.uk/media/zk3bqg5z/4_1_15.jpg]
[www.abports.co.uk/media/v0qknfud/4_1_16.jpg]
[www.abports.co.uk/media/xm4b0okq/4_1_18.jpg]
[www.abports.co.uk/media/ry4fzrgn/4_1_22.jpg]
[www.abports.co.uk/media/mv0h4t4f/4_1_31.jpg]
[www.abports.co.uk/media/t0ahsaes/4_1_32.jpg]
[www.abports.co.uk/media/bbhpkfkw/4_1_17.jpg]
[www.abports.co.uk/media/kxznzzmm/map_immingham.jpg]
[www.abports.co.uk/media/m3llpuv5/don-t-panic-1.jpg]
[www.abports.co.uk/locations/immingham/index.html]
[www.abports.co.uk/news-and-media/articles-and-blogs/2017/don-t-panic/index.html]
[www.abports.co.uk/media/lxefw4uo/4_15_1.jpg]
[www.abports.co.uk/media/sd5fwhik/ssp-port-of-ipswich.pdf]
[www.abports.co.uk/media/pudbzk5n/0133_ipswich_22_format1.pdf]
[www.abports.co.uk/media/2kzngooy/monitoring-the-disposal-of-maintenance-material-in-river-orwell-2019.pdf]
[www.abports.co.uk/media/hhsdf3bg/port-charges-ipswich-2022.pdf]
[www.abports.co.uk/media/cunafkqz/river-orwell-swinging-mooring-application-form.docx]
[www.abports.co.uk/media/ggud0y3d/port-of-ipswich-byelaws-with-addendum.pdf]
[www.abports.co.uk/media/cwgndnms/4_15_2.jpg]
[www.abports.co.uk/media/sweltkye/4_15_1.jpg]
[www.abports.co.uk/media/hknggk33/4_15_4.jpg]
[www.abports.co.uk/media/flceg4mx/4_15_3.jpg]
[www.abports.co.uk/media/eeilbmwr/4_15_6.jpg]
[www.abports.co.uk/media/wbliw4yk/4_15_7.jpg]
[www.abports.co.uk/media/2qihdfsr/4_15_10.jpg]
[www.abports.co.uk/media/11qfo1va/map_ipswich.jpg]
[www.abports.co.uk/media/vurjwp3i/ipswich-port-safety-notice-2022.pdf]
[www.abports.co.uk/media/0ihnk50g/202201-ea-ntom-sanctions-on-russian-vessels.pdf]
[www.abports.co.uk/media/gjfjl0lb/abp-east-anglia-ntm-02-of-2022-leisure-vessels-arriving-from-outside-the-uk.pdf]
[www.abports.co.uk/media/i0xmbxn0/east-anglia-ntm-02a-of-2022-updated-information-for-leisure-vessels-arriving-from-outside-the-uk.pdf]
[www.abports.co.uk/media/bdzpovht/ea-ntm-3-of-2022-queens-jubilee.pdf]
[www.abports.co.uk/media/1hkfxyw5/abp-ntm-no-01-2021-ea-mooring-operations.pdf]
[www.abports.co.uk/media/0uooakf0/202102-shore-leave-covid-19.pdf]
[www.abports.co.uk/media/2ane2xtu/ipswich-ntm-06-of-2022-speed-buoy-relocated.pdf]
[www.abports.co.uk/media/yycp2pcz/202212-ipswich-port-safety-notice.pdf]
[www.abports.co.uk/media/5oonnyhp/202220-suffolk-yacht-harbour-dredging-2nd-week.pdf]
[www.abports.co.uk/media/mgcbdrxz/202221-berth-depths.pdf]
[www.abports.co.uk/media/qx3p4ytj/202222-dragon-boat-racing.pdf]
[www.abports.co.uk/media/m2ggybj2/ipswich-ntm-24-of-2022-dive-operations-ipswich-cliff-quay.pdf]
[www.abports.co.uk/media/ptclgeka/ipswich-ntm-25-of-2022-ipswich-tidal-barrier-tests.pdf]
[www.abports.co.uk/media/0axbj02u/202101-ips-ntm-self-mooring.pdf]
[www.abports.co.uk/media/allfeokz/abp-ipswich-ntm-13-of-2020.pdf]
[www.abports.co.uk/media/gujb5lhd/ntom0319.pdf]
[www.abports.co.uk/media/gldl4f0c/n-to-m-no-10-2019-navigation-buoys-on-river-orwell.pdf]
[www.abports.co.uk/media/wutfd2rx/ntom718.pdf]
[www.abports.co.uk/media/xkseug1s/n-to-m-918.pdf]
[www.abports.co.uk/media/qgrlxdvz/ntom-816.pdf]
[www.abports.co.uk/media/oyojmm0n/ntom-916.pdf]
[www.abports.co.uk/media/0z0kmgfu/ntom1_15.pdf]
[www.abports.co.uk/media/qfopse5d/2012-06.pdf]
[www.abports.co.uk/media/phaojg4w/2011-02.pdf]
[www.abports.co.uk/media/oxjja4cx/2011-13.pdf]
[www.abports.co.uk/media/iajjsrli/2010-03.pdf]
[www.abports.co.uk/media/4wrhdlia/2010-08.pdf]
[www.abports.co.uk/media/agfnd3g1/2010-09.pdf]
[www.abports.co.uk/media/btgbv43r/2009-06.pdf]
[www.abports.co.uk/media/bmulttdj/2009-07.pdf]
[www.abports.co.uk/media/a5bhd0uy/2008-03.pdf]
[www.abports.co.uk/media/mndpvuoe/2008-05.pdf]
[www.abports.co.uk/media/apepyf3k/2008-08.pdf]
[www.abports.co.uk/media/0mhdpb0h/2008-09.pdf]
[www.abports.co.uk/media/1rjnxgwr/2006-10.pdf]
[www.abports.co.uk/media/54zllp2g/2005-05.pdf]
[www.abports.co.uk/media/xlrp2m2v/2004-11.pdf]
[www.abports.co.uk/media/bhtavqx2/abp-ipswich-bunkering-checklist1.pdf]
[www.abports.co.uk/locations/ipswich/index.html]
[www.abports.co.uk/media/dkchbi41/4_16_13.jpg]
[www.abports.co.uk/media/2i3n5dwd/0162_king-s-lynn_22_sill-adj_format2.pdf]
[www.abports.co.uk/media/z2nouxnz/abp-stories-of-the-sea_competition_a3_poster.pdf]
[www.abports.co.uk/media/yfqikufa/port-charges-king-s-lynn-2022-1.pdf]
[www.abports.co.uk/media/5ifbieen/map_kings_lynn.jpg]
[www.abports.co.uk/media/oc1cvqu3/4_16_3.jpg]
[www.abports.co.uk/media/um1pmdvx/4_16_2.jpg]
[www.abports.co.uk/media/xmeolk0v/4_16_1.jpg]
[www.abports.co.uk/media/xbxd2nnf/4_16_5.jpg]
[www.abports.co.uk/media/uhcfvbts/4_16_7.jpg]
[www.abports.co.uk/media/zajnwsu0/4_16_9.jpg]
[www.abports.co.uk/media/cnnmxzwu/4_16_12.jpg]
[www.abports.co.uk/media/bksm2xwl/4_16_17.jpg]
[www.abports.co.uk/media/d2ypsymu/4_16_15.jpg]
[www.abports.co.uk/media/glyd0mir/4_16_18.jpg]
[www.abports.co.uk/media/mzuhyr4p/infomation-for-visiting-masters.pdf]
[www.abports.co.uk/media/tmycuvgn/rsqletterupdated.pdf]
[www.abports.co.uk/media/3pnb0kdw/202211-kln-ntm-fisher-fleet-flushing.pdf]
[www.abports.co.uk/media/ekch5unf/202212-kln-dredging.pdf]
[www.abports.co.uk/media/204pklbj/202213-kln-ntm-dock-opening-limitations.pdf]
[www.abports.co.uk/media/kb0haaba/kln-ntm-13-of-2021-hot-work-permission.pdf]
[www.abports.co.uk/media/e2ufdlkm/kln-ntm-14-of-2021-flushing-fleet.pdf]
[www.abports.co.uk/media/pccntdny/ntom.docx]
[www.abports.co.uk/media/nmzp5uak/ntom-2-19.pdf]
[www.abports.co.uk/media/avqpfg3z/ntom-3-19.pdf]
[www.abports.co.uk/media/jfkbc1na/notice-to-mariners-no_1-2014.pdf]
[www.abports.co.uk/media/frkdmu4u/notice-to-mariners-no_2-2014.pdf]
[www.abports.co.uk/media/uisixbh5/2021-tide-tables.pdf]
[www.abports.co.uk/locations/king-s-lynn/index.html]
[www.abports.co.uk/media/w3uljd1k/4_17_48.jpg]
[www.abports.co.uk/media/uiofwbkn/port-of-lowestoft-masterplan40fe.png]
[www.abports.co.uk/media/1lhl2lit/abp-lowestoft-n-to-m-no-27-2019-lowestoft-approaches-possible-shoaling-ne-of-harbour-entrance.pdf]
[www.abports.co.uk/media/rtujifoq/port-charges-lowestoft-2022.pdf]
[www.abports.co.uk/media/pwumgibq/abp-lowestoft-port-charges-2022.pdf]
[www.abports.co.uk/media/1bubioi3/harbour-revision-order-hro-2021-transfer-of-mutford-lock.pdf]
[www.abports.co.uk/media/zazig0dx/hro-transfer-of-mutford-lock-plan.pdf]
[www.abports.co.uk/media/kltovfkh/lowestoft-news-jan-2022.pdf]
[www.abports.co.uk/media/m23jgp2w/pilotage-fuel-surcharge-lowestoft.pdf]
[www.abports.co.uk/media/vagpva23/map_lowestoft.jpg]
[www.abports.co.uk/media/dptg2oaz/pilotage-directions-2017-rev-2.pdf]
[www.abports.co.uk/media/iu0nbaiw/lowestoft-arrival-notice-2019.pdf]
[www.abports.co.uk/media/2q4cl0ji/small-craft-and-yachts-notice-2021.pdf]
[www.abports.co.uk/media/wqxbiib2/20210922lw1.pdf]
[www.abports.co.uk/media/4jlg2jic/lowestoft_220202_l2.pdf]
[www.abports.co.uk/media/ldap1mmq/lowestoft_220202_l3.pdf]
[www.abports.co.uk/media/hi4br2f5/lowestoft_220202_l4.pdf]
[www.abports.co.uk/media/hyzihakp/lowestoft_220202_l5.pdf]
[www.abports.co.uk/media/gyunnl4z/pilotage-directions-2017-rev-2-1.pdf]
[www.abports.co.uk/media/dyrbbyjv/lowestoft-passage-plan-v08-17-2017.pdf]
[www.abports.co.uk/media/ognbdimg/abp-lowestoft-n-to-m-no_-17-of-2013-pilot-boarding-arrangements.pdf]
[www.abports.co.uk/media/e03lumxp/final_impa_pladder_poster.pdf]
[www.abports.co.uk/media/pmpbwa1u/lowestoft-bye-laws.pdf]
[www.abports.co.uk/media/tnaiasrm/lowestoft-tide-board-levels.pdf]
[www.abports.co.uk/media/2nobxtu2/0141_lowestoft_22_format1.pdf]
[www.abports.co.uk/media/ud1jz02v/lowestoft-hht-2022.pdf]
[www.abports.co.uk/media/plzk1nxn/abp-lowestoft-port-waste-management-plan-2021.pdf]
[www.abports.co.uk/media/nznjjds3/abp-lowestoft-flood-contingency-plan-v2.pdf]
[www.abports.co.uk/media/h1jp3zz5/lowestoft-oil-spill-plan-2021-final.pdf]
[www.abports.co.uk/media/1nyacvlu/abp-lowestoft-mip-2019.pdf]
[www.abports.co.uk/media/3ywla20b/bunkering-service-provider-requirements-feb-2019.pdf]
[www.abports.co.uk/media/xevea4xl/towage-service-provider-requirements-feb-2019.pdf]
[www.abports.co.uk/media/fdtphs1e/port-charges-lowestoft-2022.pdf]
[www.abports.co.uk/media/kg3d10q4/202202-leisure-vessels-arriving-from-outside-the-uk.pdf]
[www.abports.co.uk/media/utinuoai/202201-low-ntm-notices-to-mariners-in-force.pdf]
[www.abports.co.uk/media/2c2dgmyk/202202-low-ntm-lowestoft-gull-wing-construction-site-updated-details.pdf]
[www.abports.co.uk/media/satjl3xm/202225-low-ntm-lowestoft-pilotage-directions-amendment-to-schedule-1-pilot-boarding-positions.pdf]
[www.abports.co.uk/media/mctet4kk/202226-low-ntm-lowestoft-updated-covid-information-regarding-vessel-reporting-and-pilotage-requirements.pdf]
[www.abports.co.uk/media/lhzffyos/202242c-low-ntm-lowestoft-continued-operations-and-transits-of-unmanned-surface-vessels.pdf]
[www.abports.co.uk/media/vsimpfab/202243-low-ntm-lowestoft-approaches-west-holm-and-nw-holm-buoy-moves.pdf]
[www.abports.co.uk/media/dudhlq4i/202245b-low-ntm-sladdens-pier-piling-operations-from-jack-up-barge-3rd-phase-of-works.pdf]
[www.abports.co.uk/media/qnebv0d5/202140-low-ntm-lowestoft-inner-harbour-gull-wing-construction-temporary-reporting-requirement.pdf]
[www.abports.co.uk/media/r4cjwere/202143-low-ntm-lowestoft-inner-harbour-gull-wing-construction-activities-north-and-south-sides-of-lake-lothing-amended-navigation-light-details.pdf]
[www.abports.co.uk/media/jgaa1uyo/202151-low-ntm-uxo-position-se-approaches-to-lowestoft.pdf]
[www.abports.co.uk/media/iqfjjcw0/202154_-_low_ntm_-_lowestoft_harbour_-_revised_small_craft_and_yacht_notice-1.pdf]
[www.abports.co.uk/media/1dphudsh/abp-lowestoft-ntm-58-of-2021-rescheduled-dredging-activities.pdf]
[www.abports.co.uk/media/3zmdg2x0/abp-lowestoft-n-to-m-no-17-2020-coronavirus-covid-19-updated-notification-requirements-and-guidance-on-pilotage.pdf]
[www.abports.co.uk/media/5eoozk4j/copy-of-mdh-blank.xlsx]
[www.abports.co.uk/media/cc4pxpaa/abp-lowestoft-n-to-m-no-24-2020-advice-on-harbour-use-during-easing-of-covid-19-restrictions.pdf]
[www.abports.co.uk/media/1sehtlgr/abp-lowestoft-n-to-m-no-26-2020-border-health-control-measures-application-to-marine-leisure-users.pdf]
[www.abports.co.uk/media/5saop3ld/abp-lowestoft-n-to-m-no-29-2020-lowestoft-harbour-and-approaches-management-of-vessel-speed-and-wash.pdf]
[www.abports.co.uk/media/ljmpzbth/abp-lowestoft-n-to-m-no-43-2020-approaches-to-lowestoft-shoaling-ne-of-harbour-entrance.pdf]
[www.abports.co.uk/media/5zcdzhny/abp-lowestoft-n-to-m-no-44-2020-approaches-to-lowestoft-kirkley-sector-light-changes.pdf]
[www.abports.co.uk/media/apgo0ao0/abp-lowestoft-n-to-m-no-47-2020-lowestoft-new-requirements-for-vessels-wishing-to-self-moor.pdf]
[www.abports.co.uk/media/3kdn0fct/abp-lowestoft-n-to-m-no-50-2020-lowestoft-impending-changes-to-vessel-reporting-procedures.pdf]
[www.abports.co.uk/media/2qibsbgz/abp-lowestoft-n-to-m-no-02-2019-lowestoft-pilotage-direction-2017-revision-to-schedule-2.pdf]
[www.abports.co.uk/media/gwajvzhu/abp-lowestoft-ntm-no-18-2019.pdf]
[www.abports.co.uk/media/l4xg3olm/abp-lowestoft-n-to-m-no-27-2019-lowestoft-approaches-possible-shoaling-ne-of-harbour-entrance.pdf]
[www.abports.co.uk/media/h1dl1ojg/abp-lowestoft-n-to-m-no-5-2017-use-of-weighted-heaving-lines.pdf]
[www.abports.co.uk/media/sabftknc/abp-lowestoft-n-to-m-no-22-2017-lowestoft-reporting-of-vessel-movements.pdf]
[www.abports.co.uk/media/ouddzp3q/abp-lowestoft-n-to-m-no-24-2017-passage-plan-publication.pdf]
[www.abports.co.uk/media/f4cfknol/abp-lowestoft-n-to-m-no-32-2017-pilot-boarding-arrangement-checks.pdf]
[www.abports.co.uk/media/dzffdy4o/abp-lowestoft-n-to-m-no-12-2016-mca-safety-alert-lifting-equipment-on-workboats-attached.pdf]
[www.abports.co.uk/media/3xemwhzn/abp-lowestoft-n-to-m-no-24-2015-use-of-lifejackets.pdf]
[www.abports.co.uk/media/ndtdexot/abp-lowestoft-n-to-m-no-17-of-2013-pilot-boarding-arrangements.pdf]
[www.abports.co.uk/media/gxyjte4b/abp-lowestoft-n-to-m-no-19-of-2013-non-routine-towage.pdf]
[www.abports.co.uk/media/puceiga1/abp-lowestoft-n-to-m-no-3-2012-bunkering-checklist.pdf]
[www.abports.co.uk/media/aipjaiks/lowestoft-lntom-no-7-2011-port-traffic-lights.pdf]
[www.abports.co.uk/media/s53b0urv/lowestoft-lntom-no-10-2011-bridge-transits-lowestoft-harbour.pdf]
[www.abports.co.uk/media/4tkaji4i/lowestoft-lntom-no-19-2009-sts-passengers-landing.pdf]
[www.abports.co.uk/media/tbzfmgkh/lowestoft-lntom-no13-2007-passive-smoking-on-vessels.pdf]
[www.abports.co.uk/media/4zpdydgo/lnm-no-5-2006-icwaste-1.pdf]
[www.abports.co.uk/media/sshdfhlm/21.jpg]
[www.abports.co.uk/locations/lowestoft/index.html]
[www.abports.co.uk/media/ygdnanec/4_6_15.jpg]
[www.abports.co.uk/news-and-media/articles-and-blogs/2018/lowestoft-renewable-energy-hub/index.html]
[www.abports.co.uk/media/tnaavyzp/south-wales-port-of-newport.pdf]
[www.abports.co.uk/media/rxehoorv/4_6_5.jpg]
[www.abports.co.uk/media/vgwds4ug/4_6_2.jpg]
[www.abports.co.uk/media/lyxjqxu3/4_6_17.jpg]
[www.abports.co.uk/media/5i4lrjsi/4_6_22.jpg]
[www.abports.co.uk/media/jkflwuyu/4_6_4.jpg]
[www.abports.co.uk/locations/newport/index.html]
[www.abports.co.uk/media/zcbdgbsq/4_18_1.jpg]
[www.abports.co.uk/media/srfl0tom/ssp-port-of-plymouth.pdf]
[www.abports.co.uk/media/4tsgiuzb/abp-port-charges-plymouth-2022.pdf]
[www.abports.co.uk/media/yh2p51ey/map_plymouth.jpg]
[www.abports.co.uk/news-and-media/latest-news/2022/abp-plymouth-welcomes-return-of-brittany-ferries/index.html]
[www.abports.co.uk/media/av0b3fee/4_18_1.jpg]
[www.abports.co.uk/media/i4yh2erl/4_18_4.jpg]
[www.abports.co.uk/media/paebmyto/4_18_5.jpg]
[www.abports.co.uk/media/ndrcnuwi/4_18_6.jpg]
[www.abports.co.uk/media/3hrb2bbt/4_18_7.jpg]
[www.abports.co.uk/media/mi5lwaf3/4_18_9.jpg]
[www.abports.co.uk/media/3qxbibpp/4_18_11.jpg]
[www.abports.co.uk/locations/plymouth/index.html]
[www.abports.co.uk/media/1monu5xn/4_9_7.jpg]
[www.abports.co.uk/media/xjwl11gn/port-talbot-page-image.jpg]
[www.abports.co.uk/future-ports-port-talbot/index.html]
[www.abports.co.uk/media/v1tdah1w/port-talbot-port-plan.pdf]
[www.abports.co.uk/media/yj4n5jkl/4_9_1.jpg]
[www.abports.co.uk/media/n2fgkbrg/4_9_2.jpg]
[www.abports.co.uk/media/sr3po2xq/4_9_3.jpg]
[www.abports.co.uk/media/3eseoav5/4_9_4.jpg]
[www.abports.co.uk/media/whyjfjif/4_9_5.jpg]
[www.abports.co.uk/media/kiopcik1/4_9_6.jpg]
[www.abports.co.uk/media/gerdre3h/4_9_8.jpg]
[www.abports.co.uk/media/np2kmg0z/4_9_9.jpg]
[www.abports.co.uk/media/dqlpg4m0/map_port_talbot.jpg]
[www.abports.co.uk/locations/port-talbot/index.html]
[www.abports.co.uk/media/gfdjbq15/4_12_1.jpg]
[www.abports.co.uk/media/qesl2pgs/ssp-port-of-silloth.pdf]
[www.abports.co.uk/media/copdyems/ssp-port-of-silloth.pdf]
[www.abports.co.uk/media/sy1bhy04/abp-port-charges-silloth-2022.pdf]
[www.abports.co.uk/media/ieopafn4/map_silloth.jpg]
[www.abports.co.uk/media/mi5ikyhf/4_12_1.jpg]
[www.abports.co.uk/media/gvjdxd5l/4_12_2.jpg]
[www.abports.co.uk/media/5irfzacf/4_12_3.jpg]
[www.abports.co.uk/media/2eidzpey/4_12_4.jpg]
[www.abports.co.uk/media/ow4lu3js/silloth-charges-2019.pdf]
[www.abports.co.uk/media/231f5slw/advice-and-directions-to-masters.pdf]
[www.abports.co.uk/media/oa2nxizq/2200202-ntm-1-of-2022-east-cote-lighthouse-unlit.pdf]
[www.abports.co.uk/media/gqihj3it/200720-ntm-2-of-2020-beckfoot-buoy-unlit.pdf]
[www.abports.co.uk/media/3ssjt1za/200318-ntm-3-of-2020-coronavirus-update.pdf]
[www.abports.co.uk/media/hbwgdqdd/ntm-2-of-2019-port-of-silloth-dock-gate-closed.pdf]
[www.abports.co.uk/media/jwgcpnr1/n-to-m-1-of-2018-silloth-outfall-beacon-replaced-by-lt_-buoy.pdf]
[www.abports.co.uk/media/lympa0nu/ntm-3-of-2017-maintenance-work-completed-cancel-notices.pdf]
[www.abports.co.uk/media/1ebnnx0z/ntm-1-of-2016-re-establishement-of-outer-dolphin-and-navigation-lights.pdf]
[www.abports.co.uk/media/nm1nhesr/ntm-2-of-2016-max-draft.pdf]
[www.abports.co.uk/media/m5cgcegk/ntm-4-of-2016-navigation-buoys-positions.pdf]
[www.abports.co.uk/media/052jpbdf/ntm-5-of-2016-solway-navigation-waypoints-1.pdf]
[www.abports.co.uk/media/rftlvgrb/ntm-4-of-2015-change-to-inbound-vhf-reporting-procedures.pdf]
[www.abports.co.uk/media/jmmpygfs/notice-to-pilots-04-2013-hatches-in-place.pdf]
[www.abports.co.uk/media/iaujwcjr/notice-to-pilots-02-2011-berthing.pdf]
[www.abports.co.uk/media/44yfr3oz/notice-to-pilots-03-2011-high-winds.pdf]
[www.abports.co.uk/media/bnndakn0/notice-to-pilots-04-ships-lines-2011.pdf]
[www.abports.co.uk/media/3ahewisw/notice-to-pilots-01-2012-turning.pdf]
[www.abports.co.uk/media/afjdg2yb/notice-to-pilots-02-2012-steering.pdf]
[www.abports.co.uk/media/145j31ga/notice-to-pilots-03-2013-transfer-of-ship-control-systems.pdf]
[www.abports.co.uk/media/0fmhsdb0/notice-to-pilots-04-2013-hatches-in-place.pdf]
[www.abports.co.uk/media/5qids1ni/notice-to-pilots-05-2013-passing-vessels.pdf]
[www.abports.co.uk/media/aepbdiol/general-notice-to-masters-and-pilots-01-2014-defects.pdf]
[www.abports.co.uk/media/r5kn4fgw/general-notice-to-masters-and-pilots-02-2014-fumigation.pdf]
[www.abports.co.uk/media/wqtbx1jn/general-notice-to-masters-03-2014-vessels-with-sea-speed-of-less-than-10-kts.pdf]
[www.abports.co.uk/media/k1glmshk/general-notice-to-masters-and-pilots-02-2015-5-point-ppe.pdf]
[www.abports.co.uk/media/nj3psmwi/notice-to-pilots-01-2012-turning.pdf]
[www.abports.co.uk/media/edhgg5iz/notice-to-pilots-02-2012-steering.pdf]
[www.abports.co.uk/media/cz1jnlsq/abp-siloth-report-and-clearanc-by-ships-masters.pdf]
[www.abports.co.uk/media/5jrpomu5/no1-2014-hw-shipping.pdf]
[www.abports.co.uk/media/ozfhx1v0/no2-2014-approach-to-silloth-marshall-dock.pdf]
[www.abports.co.uk/media/hlmc1myn/no1-2015-reporting-procedures.pdf]
[www.abports.co.uk/locations/silloth/index.html]
[www.abports.co.uk/media/r1xm1b2b/southampton.jpg]
[www.abports.co.uk/media/uhebptod/paul-reeves-southampton.jpg]
[www.abports.co.uk/media/kh1jrlvt/southampton-air-quality-strategy-aug-2018.pdf]
[www.abports.co.uk/media/rmppf442/southampton-air-quality-update.pdf]
[www.abports.co.uk/media/n2qpmrlo/southampton-port-plan-2022.pdf]
[www.abports.co.uk/media/c1ubefgk/3778_001.pdf]
[www.abports.co.uk/media/4qoijjrv/map_southampton.jpg]
[www.abports.co.uk/media/jwzbtuda/redbridge.jpg]
[www.abports.co.uk/media/utmpp5mu/rail-business-awards.jpg]
[www.abports.co.uk/locations/southampton/index.html]
[www.abports.co.uk/news-and-media/latest-news/2022/two-major-development-sites-launched-at-port-of-southampton/index.html]
[www.abports.co.uk/media/1awbfuve/4_7_28.jpg]
[www.abports.co.uk/media/uuafjtdq/south-wales-port-of-swansea.pdf]
[www.abports.co.uk/media/4cpjj0ua/map_swansea.jpg]
[www.abports.co.uk/media/dlxjeou5/4_7_3.jpg]
[www.abports.co.uk/media/nekdyews/4_7_6.jpg]
[www.abports.co.uk/media/4j4ficzu/4_7_8.jpg]
[www.abports.co.uk/media/bn5lbnkj/4_7_19.jpg]
[www.abports.co.uk/media/hfqgvgzv/4_7_25.jpg]
[www.abports.co.uk/media/3uui4jjz/swansea-dock-acceptance-tables-2016-final.pdf]
[www.abports.co.uk/locations/swansea/index.html]
[www.abports.co.uk/media/ulddjw0u/4_19_24.jpg]
[www.abports.co.uk/media/re0pkh20/ssp-port-of-teignmouth.pdf]
[www.abports.co.uk/media/yblloivd/port-of-teignmouth_at-the-heart-of-the-south-west-economy-and-community_flyer.pdf]
[www.abports.co.uk/media/hvclfr21/port-charges-teignmouth-2022.pdf]
[www.abports.co.uk/media/wvtlvge0/map_teignmouth.jpg]
[www.abports.co.uk/media/pe4aq2vq/4_19_8.jpg]
[www.abports.co.uk/media/qs4hbvqv/4_19_10.jpg]
[www.abports.co.uk/media/5p5ooq2x/4_19_1.jpg]
[www.abports.co.uk/media/txeh1kzt/4_19_3.jpg]
[www.abports.co.uk/media/dzklgohz/4_19_13.jpg]
[www.abports.co.uk/media/30rlnj3j/4_19_17.jpg]
[www.abports.co.uk/media/vjgfsngf/4_19_21.jpg]
[www.abports.co.uk/media/hysnjn5x/4_19_24.jpg]
[www.abports.co.uk/media/4cknpvvo/4_19_28.jpg]
[www.abports.co.uk/media/gjons510/4_19_33.jpg]
[www.abports.co.uk/locations/teignmouth/index.html]
[www.abports.co.uk/media/iiuipdrb/4_21_14.jpg]
[www.abports.co.uk/media/swtofph1/troon-port-plan.pdf]
[www.abports.co.uk/media/sasephlv/map_troon.jpg]
[www.abports.co.uk/media/fjobdmrc/4_21_6.jpg]
[www.abports.co.uk/media/vk0fxwrl/4_21_8.jpg]
[www.abports.co.uk/media/q5mj3kbw/4_21_11.jpg]
[www.abports.co.uk/media/114btjtz/4_21_12.jpg]
[www.abports.co.uk/media/5gkhdhg4/4_21_1.jpg]
[www.abports.co.uk/media/m3lhdsml/4_21_14.jpg]
[www.abports.co.uk/media/nroni5y0/lntm-02-2022-sanctions-against-russian-shipping.pdf]
[www.abports.co.uk/media/5mvhlnng/lntm-01-2022-establishment-of-new-aids-to-navigation-consultation.pdf]
[www.abports.co.uk/media/i4lfqn3q/lntm-01-2022-attachment-troon-harbour-entrance-chartlet.pdf]
[www.abports.co.uk/media/dtanyvzd/lntm-01-2021-survey-operations-port-of-troon.pdf]
[www.abports.co.uk/media/ouajphu1/lntm-02-2021-restrictions-on-shore-leave-for-visiting-ships.pdf]
[www.abports.co.uk/media/suokhmd2/lntm-04-2021-east-pier-dolphin-light-operational.pdf]
[www.abports.co.uk/media/sifmjikm/lntm-06-2021-dredging-operations-port-of-troon.pdf]
[www.abports.co.uk/media/2kalboxl/lntm-07-2021-port-of-troon-east-pier-fender-upgrade-works.pdf]
[www.abports.co.uk/media/iowpg5o5/lntm-08-2021-maritime-declaration-of-health-update.pdf]
[www.abports.co.uk/media/xaghi2vc/lntm-09-2021-port-of-troon-east-pier-diving-operations.pdf]
[www.abports.co.uk/media/r1pe3iws/lntm-11-2021-troon-crab-rock-buoy-back-on-station.pdf]
[www.abports.co.uk/media/yl4jromu/abp-ntm-13-of-2021-troon-mill-rock-buoy-back-on-station.pdf]
[www.abports.co.uk/media/k2jj0k12/abp-troon-lntm-14-of-2021-diving-operations.pdf]
[www.abports.co.uk/media/jq4l4mlc/lntm-03-2020-maritime-declaration-of-health.pdf]
[www.abports.co.uk/media/pyabgw5w/lntm-08-2020-troon-pilotage-directions-revision.pdf]
[www.abports.co.uk/media/mvdbx1jq/lntm-08-2020-attachment-revised-pilotage-directions-troon.pdf]
[www.abports.co.uk/media/m3udwj5r/lntm-13-2020-troon-crab-rock-buoy-back-on-station.pdf]
[www.abports.co.uk/media/oa2ob2sd/lntm-14-2020-hmrc-s-notice-69-reports-and-clearance-by-ship-s-masters.pdf]
[www.abports.co.uk/media/4otpjecu/lntm-1_2017t.pdf]
[www.abports.co.uk/media/4ltjynwr/lntm-2_2017t.pdf]
[www.abports.co.uk/media/ovgfjyje/lntm-3_2017t.pdf]
[www.abports.co.uk/media/lyvaje2i/lntm-04_2017t.pdf]
[www.abports.co.uk/locations/troon/index.html]
[www.abports.co.uk/media/yghdtqu3/4_22_1.jpg]
[www.abports.co.uk/media/fk5phy4x/hams-hall-plan-1.pdf]
[www.abports.co.uk/media/tjvgnvbf/map_hams_hall_rail.jpg]
[www.abports.co.uk/media/ikohb0q4/hams-hall-certificate.png]
[www.abports.co.uk/media/zi2iiqgz/4_22_8.jpg]
[www.abports.co.uk/media/uprl2t22/4_22_9.jpg]
[www.abports.co.uk/media/sirplyli/4_22_1.jpg]
[www.abports.co.uk/media/x4uimdby/4_22_4.jpg]
[www.abports.co.uk/media/auqd2mpu/4_22_3.jpg]
[www.abports.co.uk/media/qvaditl4/4_22_5.jpg]
[www.abports.co.uk/locations/hams-hall-rail-freight-terminal/index.html]
[www.abports.co.uk/media/p2onsr3v/5_1_1.jpg]
[www.abports.co.uk/news-and-media/latest-news/index.html]
[www.abports.co.uk/news-and-media/latest-news/2022/port-of-cardiff-celebrates-new-distribution-centre-lease-with-owens-group/index.html]
[www.abports.co.uk/media/e53kdhxy/5_1_2.jpg]
[www.abports.co.uk/news-and-media/latest-news/2022/associated-british-ports-announced-as-a-gold-sponsor-at-london-international-shipping-week-2023/index.html]
[www.abports.co.uk/media/0u5hefsk/port-of-lowestoft-thumbnail.jpg]
[www.abports.co.uk/media/ttbnh1zb/thumbnail.jpg]
[www.abports.co.uk/media/wxicsre2/leef-video-thumbnail.jpg]
[www.abports.co.uk/media/nuyasfxn/abp_oar_videothumbnail.jpg]
[www.abports.co.uk/media/pkshj2hk/media01.jpg]
[www.abports.co.uk/media/syzfdljj/media03.jpg]
[www.abports.co.uk/news-and-media/video/index.html]
[www.abports.co.uk/media/2tjghw32/5_1_3.jpg]
[www.abports.co.uk/news-and-media/articles-and-blogs/index.html]
[www.abports.co.uk/news-and-media/articles-and-blogs/2022/international-women-in-engineering-day/index.html]
[www.abports.co.uk/news-and-media/articles-and-blogs/2022/abp-apprenticeship-testimonial-sam-jacques-marine-pilot-apprentice/index.html]
[www.abports.co.uk/media/gl2pdili/2_1_6.jpg]
[www.abports.co.uk/news-and-media/articles-and-blogs/2022/abp-apprenticeship-testimonial-dominik-karmalita-marine-officer-apprenticeship/index.html]
[www.abports.co.uk/news-and-media/articles-and-blogs/2022/abp-apprenticeship-testimonial-amanda-viljoen-group-training-manager/index.html]
[www.abports.co.uk/news-and-media/articles-and-blogs/2022/a-day-in-the-life-of-lizi-sayner-quality-compliance-advisor-humber/index.html]
[www.abports.co.uk/news-and-media/articles-and-blogs/2022/a-day-in-the-life-of-charlotte-croft-apprentice-hr-administrator/index.html]
[www.abports.co.uk/news-and-media/articles-and-blogs/2022/a-day-in-the-life-of-nicole-allis-hr-apprentice-southampton/index.html]
[www.abports.co.uk/media/wqnlnyvw/spotlightbox_602x435px.png]
[www.abports.co.uk/media/ijgnaxuw/abp-annual-review-2021.pdf]
[www.abports.co.uk/media/biilccrl/annual-review-2021-download-cover.png]
[www.abports.co.uk/media/qjaaf5a0/abp-gender-pay-gap-report-2019.pdf]
[www.abports.co.uk/media/knddvwdo/abp-gender-pay-gap-report-2019_page_1_opt-1.jpg]
[www.abports.co.uk/media/zshl21zq/abp-report-summer-2020-issue.pdf]
[www.abports.co.uk/media/ly3b5fim/abp-report-summer-2019-issue-10.pdf]
[www.abports.co.uk/media/sh0nuxer/abp-company-profile-2022-updated-final.pdf]
[www.abports.co.uk/media/ad2b2vlo/abp-gender-pay-gap.pdf]
[www.abports.co.uk/news-and-media/publications-download/index.html]
[www.abports.co.uk/news-and-media/media-contacts/index.html]
[www.abports.co.uk/news-and-media/annual-review-2022/index.html]
[www.abports.co.uk/media/px0bkw0b/6_1_1.jpg]
[www.abports.co.uk/media/qbgnndj0/abp-covid-generic-risk-assessment-dec2021.pdf]
[www.abports.co.uk/marine-information-and-compliance/covid-19-general-risk-assessment/index.html]
[www.abports.co.uk/media/fcllxjjy/6_1_2.jpg]
[www.abports.co.uk/media/i2bihny0/berthing-and-mooring-licence-application.pdf]
[www.abports.co.uk/media/ok3f515u/berthing-and-mooring-terms-and-conditions.pdf]
[www.abports.co.uk/media/uxidk1wj/bunkering-service-provider-requirements-feb-2019.pdf]
[www.abports.co.uk/media/kjjfincf/towage-service-provider-requirements-feb-2019.pdf]
[www.abports.co.uk/marine-information-and-compliance/port-marine-information/index.html]
[www.abports.co.uk/marine-information-and-compliance/abp-standard-terms-and-conditions-of-trade/index.html]
[www.abports.co.uk/media/qm0fz2vq/abp-port-rules-2016-v2.pdf]
[www.abports.co.uk/media/s4zlvejo/ayr-harbour-bye-laws.pdf]
[www.abports.co.uk/media/g22fxj5i/barrow-bye-laws-1985.pdf]
[www.abports.co.uk/media/jeeddoaa/barry-docks-bye-laws.pdf]
[www.abports.co.uk/media/aeoj3c4d/cardiff-bute-docks-regulation-of-vehicles-bye-laws-1982.pdf]
[www.abports.co.uk/media/ihzhcb5l/cardiff-dock-and-harbour-bye-laws-2003.pdf]
[www.abports.co.uk/media/ggzd1ytb/fleetwood-harbour-and-docks-bye-laws-1982.pdf]
[www.abports.co.uk/media/hhqf0dsu/garston-docks-traffic-control-bye-laws-1980.pdf]
[www.abports.co.uk/media/vqmnwgpq/garston-docks-bye-laws-1911.pdf]
[www.abports.co.uk/media/hpsdnguz/grimsby-docks-regulation-of-vehicles-bye-laws-1979.pdf]
[www.abports.co.uk/media/q0tbwsci/grimsby-docks-bye-laws.pdf]
[www.abports.co.uk/media/wptbug0c/hull-docks-bye-laws.pdf]
[www.abports.co.uk/media/dptmpuow/humber-navigation-bye-laws-1990.pdf]
[www.abports.co.uk/media/2trjujz5/immingham-dock-bye-laws.pdf]
[www.abports.co.uk/media/x5wnsq2k/immingham-docks-regulation-of-vehicles-bye-laws-1979.pdf]
[www.abports.co.uk/media/nhanoyze/port-of-ipswich-byelaws-with-addendum.pdf]
[www.abports.co.uk/media/ejdd4koq/king-s-lynn-docks-bye-laws.pdf]
[www.abports.co.uk/media/pycfkcc5/lowestoft-harbour-bye-laws-1993.pdf]
[www.abports.co.uk/media/4nnf23uv/newport-alexandra-dock-bye-laws.pdf]
[www.abports.co.uk/media/1k4hjakx/newport-alexandra-dock-additional-general-bye-laws.pdf]
[www.abports.co.uk/media/exkbduns/plymouth-great-western-docks-bye-laws.pdf]
[www.abports.co.uk/media/ozaopm00/port-talbot-bye-laws.pdf]
[www.abports.co.uk/media/tbga531e/port-talbot-supplementary-bye-laws.pdf]
[www.abports.co.uk/media/cihhfhka/silloth-bye-laws.pdf]
[www.abports.co.uk/media/ojchgjzx/south-wales-ports-regulation-of-vehicles-bye-laws-1982.pdf]
[www.abports.co.uk/media/h10piawn/southampton-harbour-bye-laws-2003.pdf]
[www.abports.co.uk/media/4dhby2sd/swansea-harbour-bye-laws-1924.pdf]
[www.abports.co.uk/media/203famrp/swansea-harbour-additional-bye-laws-1971.pdf]
[www.abports.co.uk/media/203hrm5h/teignmouth-bye-laws-1951.pdf]
[www.abports.co.uk/media/blibarg0/troon-harbour-bye-laws.pdf]
[www.abports.co.uk/marine-information-and-compliance/bye-laws/index.html]
[www.abports.co.uk/media/vj3kmlog/abp-mar-po-001-abp-marine-policy-2021-final.pdf]
[www.abports.co.uk/media/11dfnigs/pmsc-annual-report-2021.pdf]
[www.abports.co.uk/media/1s5gmgpo/marine-enforcement-policy-statement-1.pdf]
[www.abports.co.uk/media/hponb0o5/marine-safety-plan.pdf]
[www.abports.co.uk/marine-information-and-compliance/abp-marine-policy-and-pmsc/index.html]
[www.abports.co.uk/media/qipmlcji/abp-port-rules-2016-v2.pdf]
[www.abports.co.uk/marine-information-and-compliance/abp-port-rules/index.html]
[www.abports.co.uk/marine-information-and-compliance/gender-diversity-and-gender-pay-gap/index.html]
[www.abports.co.uk/media/lkun0qsg/whistleblowing-policy-may-2021.pdf]
[www.abports.co.uk/marine-information-and-compliance/whistleblowing-policy/index.html]
[www.abports.co.uk/media/1vjlc51z/abp-modern-slavery-statement-2021_.pdf]
[www.abports.co.uk/media/miqla1jd/modern-slavery-statement-2021-v3.pdf]
[www.abports.co.uk/media/svwp2qdg/modern-slavery-and-transparency-statement-final-june-2020-bz-logo.pdf]
[www.abports.co.uk/media/ld1kt22u/abp-modern-slavery-statement-2019-signed.pdf]
[www.abports.co.uk/media/d1jnzkni/abp-modern-slavery-transparency-statement-signature-2018.pdf]
[www.abports.co.uk/media/k30jezvp/abp_modern_slavery_transparency_statement_signature-2017.pdf]
[www.abports.co.uk/marine-information-and-compliance/modern-slavery-statement/index.html]
[www.abports.co.uk/media/4j0nqv4b/abp-environmental-and-energy-policy-aug2020.pdf]
[www.abports.co.uk/media/gwwkyp0z/abp-anti-corruption-and-bribery-policy.pdf]
[www.abports.co.uk/media/3nviqlni/abp-gifts-entertainment-guidance-08feb2021.pdf]
[www.abports.co.uk/media/em5h2kg0/anti-facilitation-of-tax-evasion-policy.pdf]
[www.abports.co.uk/media/22xmbzs5/abp-conflict-of-interest-policy.pdf]
[www.abports.co.uk/marine-information-and-compliance/group-policies/index.html]
[www.abports.co.uk/media/ebri1rvu/7_1_1.jpg]
[www.abports.co.uk/media/c1zpbz5i/abp-finance-ris-announcement-abpa-interim-results-28sep2020.pdf]
[www.abports.co.uk/media/f3pejmrx/abp_logo_white.png]
[www.abports.co.uk/media/y5pf2f3u/abp-finance-plc-rns-23-4-20-accounts-and-annual-investor-update-released.pdf]
[www.abports.co.uk/media/yagf4p2q/abp-finance-plc-results-announcement-and-investor-call.pdf]
[www.abports.co.uk/media/akujgnz0/abp-finance-plc-ris-announcement-23-sept-2022-interim-results.pdf]
[www.abports.co.uk/media/1pgizrhv/abp-finance-plc-rns-28-4-22-accounts-and-annual-investor-update.pdf]
[www.abports.co.uk/media/kcbhi4js/abp-uk-tax-strategy-year-ended-31-december-2020-published.pdf]
[www.abports.co.uk/media/0hfogurc/a46402953-v1-0-abp_2033-notes_announcement.pdf]
[www.abports.co.uk/media/trblfg5m/abp-finance-plc-ris-announcement-28-sept-2021-interim-results.pdf]
[www.abports.co.uk/media/uyhowdpi/abp-finance-plc-ris-announcement-29-april-2021.pdf]
[www.abports.co.uk/media/mldaut15/abp-finance-plc-covid-19-announcement.pdf]
[www.abports.co.uk/investor-relations/financial-news/index.html]
[www.abports.co.uk/media/441ixpia/abpa-holdings-limited-interim-report-2022.pdf]
[www.abports.co.uk/media/hkunhlqj/abpa-holdings-limited-h1-investor-report-2022.pdf]
[www.abports.co.uk/media/s2yd2fz2/2021-full-year-investor-presentation-for-website-1.pdf]
[www.abports.co.uk/media/z2upvgza/abpa-holdings-limited-group-financial-statements-2021.pdf]
[www.abports.co.uk/media/cjlnuuuf/abpa-holdings-limited-2021-full-year-investor-report.pdf]
[www.abports.co.uk/media/3wpej4y5/abp-finance-plc-financial-statements-2021.pdf]
[www.abports.co.uk/media/xf3nth2w/associated-british-ports-financial-statements-2021.pdf]
[www.abports.co.uk/media/wtnevjal/associated-british-ports-holdings-limited-financial-statements-2021.pdf]
[www.abports.co.uk/media/ev5p422a/abp-acquisitions-uk-limited-financial-statements-2021.pdf]
[www.abports.co.uk/media/ifqpaleh/abp-midco-holdco-ltd-2021-accounts-final-signed-ey.pdf]
[www.abports.co.uk/investor-relations/reports-results-and-presentations/index.html]
[www.abports.co.uk/media/rkaiva3z/abp_2033-notes_amended-and-restated-final-terms-executed.pdf]
[www.abports.co.uk/media/sxmhmbb4/abp_2033-notes_supplemental-note-trust-deed-executed.pdf]
[www.abports.co.uk/media/nb0or3to/abp-amended-and-restated-final-terms.pdf]
[www.abports.co.uk/media/arliwknm/abp-supplemental-note-trust-deed.pdf]
[www.abports.co.uk/media/sz4lxkqz/final_abp_sonia_consent-solicitation-memorandum_may-2019.pdf]
[www.abports.co.uk/media/0xqfnkdn/final_abp_sonia_notice-of-meeting_may-2019.pdf]
[www.abports.co.uk/media/uctf20xq/abp-emtn-final-terms-signed.pdf]
[www.abports.co.uk/media/q1hbhzuj/abp-gbp-final-terms-signed.pdf]
[www.abports.co.uk/media/epdpca2a/abp-supplement-prospectus.pdf]
[www.abports.co.uk/media/xgcjlrzo/abp-usd-pp-final-terms.pdf]
[www.abports.co.uk/media/kynfskhk/summary-of-changes-to-financing-documents.pdf]
[www.abports.co.uk/media/e05a0l2z/abp-final-terms-70m-2023-emtn-june-2013.pdf]
[www.abports.co.uk/media/0gtnsc2i/abp-final-terms-70m-2033-frn-april-2013.pdf]
[www.abports.co.uk/media/iczeqryg/abp-supplemental-note-trust-deed-june-2013.pdf]
[www.abports.co.uk/media/f34lutyq/prospectus-supplement-final.pdf]
[www.abports.co.uk/media/whqmpetu/abp-amended-and-restated-note-trust-deed-2013.pdf]
[www.abports.co.uk/media/byxbmaqo/abp-base-prospectus-final-2013.pdf]
[www.abports.co.uk/media/reyjr22u/2012-business-risk-update-report-on-announcements-and-publications-1601.pdf]
[www.abports.co.uk/media/iampinyw/stid-proposal-explanation-_2_.pdf]
[www.abports.co.uk/media/j4mbp2xe/abp-final-terms-65m-2022-frn-december-2012.pdf]
[www.abports.co.uk/media/zh3pe1sy/final-prospectus-25-november-2011.pdf]
[www.abports.co.uk/media/usaptqzf/final-terms-2011-fixed-rate-note.pdf]
[www.abports.co.uk/media/d2vdntpo/note-trust-deed-20111214.pdf]
[www.abports.co.uk/investor-relations/offering-related-documents/index.html]
[www.abports.co.uk/contacts/head-office/index.html]
[www.abports.co.uk/media/kjuhuol0/3_9_4.jpg]
[www.abports.co.uk/contacts/commercial/index.html]
[www.abports.co.uk/media/unkiunjv/8_1_3.jpg]
[www.abports.co.uk/contacts/regions-and-ports/index.html]
[www.abports.co.uk/contacts/media/index.html]
[www.abports.co.uk/contacts/investor-relations/index.html]
[www.abports.co.uk/contacts/careers/index.html]
[www.abports.co.uk/contacts/complaints/index.html]
[www.abports.co.uk/news-and-media/latest-news/2022/supplementary-consultation-on-proposed-ierrt-development/index.html]
[www.abports.co.uk/immroro/consultation.html]
[www.abports.co.uk/media/xwahgmxa/logos.jpg]
[www.abports.co.uk/news-and-media/latest-news/2022/viking-ccs-and-associated-british-ports-embark-on-major-step-towards-a-future-co2-shipping-industry-in-the-uk/index.html]
[www.abports.co.uk/news-and-media/latest-news/2022/greg-lacey-joins-as-head-of-property-at-associated-british-ports-in-the-humber/index.html]
[www.abports.co.uk/media/gb0p2lia/abp-grad-schemes.png]
[www.abports.co.uk/news-and-media/latest-news/2022/abp-graduate-training-scheme-2023-now-open-for-applications/index.html]
[www.abports.co.uk/news-and-media/latest-news/2022/green-investment-holds-key-to-future-growth-says-simon-bird-regional-director-for-abp-humber/index.html]
[www.abports.co.uk/news-and-media/latest-news/2022/associated-british-ports-appoints-tim-morris-as-group-head-of-corporate-affairs/index.html]
[www.abports.co.uk/news-and-media/latest-news/2022/the-port-of-grimsby-opens-the-kasbah-to-visitors-for-one-day/index.html]
[www.abports.co.uk/media/h0nnab2b/microsoftteams-image-4.png]
[www.abports.co.uk/news-and-media/latest-news/2022/abp-and-thomas-bell-sign-new-agreement-in-immingham/index.html]
[www.abports.co.uk/support/cookie-policy/index.html]
[www.abports.co.uk/media/rxxkxydj/abp-customer-privacy-notice-04082021.pdf]
[www.abports.co.uk/support/privacy-notice/index.html]
[www.abports.co.uk/support/terms-of-use/index.html]
[www.abports.co.uk/support/sitemap/index.html]
[www.abports.co.uk/insurance-portal-claims/index.html]
[www.abports.co.uk/cdn-cgi/l/email-protection.html]
[www.abports.co.uk/immroro/scheme-update/index.html]
[www.abports.co.uk/annual-review-2021/index.html]
[www.abports.co.uk/2021-report-magazine-issue-15/index.html]
[www.abports.co.uk/future-ports-barry-vision/index.html]
[www.abports.co.uk/immroro/scoping-report/index.html]
[www.abports.co.uk/media/okog410a/kestrel-27.png]
[www.abports.co.uk/media/k2bia310/power-of-connection-article-image.jpg]
[www.abports.co.uk/news-and-media/articles-and-blogs/2020/the-power-of-connection/index.html]
[www.abports.co.uk/media/worpecgd/making-progress.png]
[www.abports.co.uk/news-and-media/articles-and-blogs/2020/making-progress-on-the-road-to-chartered-status/index.html]
[www.abports.co.uk/news-and-media/latest-news/2022/abp-is-first-in-the-uk-to-trial-rombit-s-safety-wearables/index.html]
[www.abports.co.uk/media/hrodjaqh/port-of-ipswich.jpg]
[www.abports.co.uk/news-and-media/latest-news/2021/port-of-ipswich-expertly-handles-large-rice-vessel-operation/index.html]
[www.abports.co.uk/media/54apw1yq/liamfox-28.png]
[www.abports.co.uk/media/tbhozc2c/liam-fox-article-1.jpg]
[www.abports.co.uk/media/0peff4fk/liam-fox-article-4.jpg]
[www.abports.co.uk/media/xvfdccw0/liam-fox-article-3.jpg]
[www.abports.co.uk/news-and-media/articles-and-blogs/2019/liam-fox-article/index.html]
[www.abports.co.uk/media/qooh3gff/putting-the-port-36.png]
[www.abports.co.uk/news-and-media/articles-and-blogs/2017/putting-the-port-into-export/index.html]
[www.abports.co.uk/media/ap4hwpii/keep-on-running-1371f.jpg]
[www.abports.co.uk/media/jo5bjick/keep-on-running-2db0b.jpg]
[www.abports.co.uk/news-and-media/articles-and-blogs/2020/keep-on-running-read-will-wye-s-story/index.html]
[www.abports.co.uk/media/01qhx2a5/port-of-ipswich-colleagues-putting-women-s-ppe-through-its-paces.jpg]
[www.abports.co.uk/news-and-media/latest-news/2021/maritime-uk-welcomes-associated-british-ports-to-the-diversity-in-maritime-charter-programme/index.html]
[www.abports.co.uk/media/d5ndb2rf/kestrel-27.png]
[www.abports.co.uk/media/zeph2v4m/thumbnail_humber-rooftop-solar-array-hull.jpg]
[www.abports.co.uk/news-and-media/articles-and-blogs/2021/the-right-infrastructure-for-a-low-carbon-future/index.html]
[www.abports.co.uk/media/1epd1s0l/abp-cop26-day2-article-image.png]
[www.abports.co.uk/news-and-media/articles-and-blogs/2021/how-ports-can-be-the-catalyst-for-shipping-s-zero-carbon-transition/index.html]
[www.abports.co.uk/news-and-media/latest-news/2022/humber-runner-enters-service-from-riga-to-goole/index.html]
[www.abports.co.uk/media/0vhhyz3f/mantsinen-300m-in-blue0c3e.jpg]
[www.abports.co.uk/news-and-media/latest-news/2022/giant-mantsinen-300-from-finland-heads-west-to-abp-port-of-immingham/index.html]
[www.abports.co.uk/news-and-media/latest-news/2022/team-abp-score-gold-for-major-customer/index.html]
[www.abports.co.uk/media/5kzn24l0/rail-business-awards7728.jpg]
[www.abports.co.uk/news-and-media/latest-news/2022/abp-and-db-cargo-uk-win-for-rail-freight-logistics-excellence/index.html]
[www.abports.co.uk/media/p2im3tmz/abplaunchesnewgroupprofessionalservicesframework-lotprovidersimage.png]
[www.abports.co.uk/news-and-media/latest-news/2022/abp-launches-new-group-professional-services-framework/index.html]
[www.abports.co.uk/news-and-media/latest-news/2021/abp-and-tarmac-sign-new-long-term-agreement-in-port-talbot/index.html]
[www.abports.co.uk/media/k3njjdhm/southampton-44.png]
[www.abports.co.uk/media/5impa4sy/southampton-interview-1.jpg]
[www.abports.co.uk/media/bpelgksq/southampton-interview-2.jpg]
[www.abports.co.uk/media/etjc03oo/southampton-interview-3.jpg]
[www.abports.co.uk/news-and-media/articles-and-blogs/2017/southampton-interview/index.html]
[www.abports.co.uk/media/fhqnwuhc/humber-gateway-22.png]
[www.abports.co.uk/news-and-media/articles-and-blogs/2018/humber-gateway/index.html]
[www.abports.co.uk/media/mo1hofwc/abp-cruise-ready-for-busy-year-1.jpg]
[www.abports.co.uk/news-and-media/latest-news/2022/abp-cruise-ready-for-busy-year/index.html]
[www.abports.co.uk/news-and-media/latest-news/2022/wales-and-short-sea-ports-celebrate-strong-year-for-cruise/index.html]
[www.abports.co.uk/media/i5rjskce/king-s-lynn309f.jpg]
[www.abports.co.uk/news-and-media/latest-news/2022/timber-terminal-at-port-of-king-s-lynn-hits-growth-targets/index.html]
[www.abports.co.uk/media/koxgjdby/abp-seacon-press-release-10feb2022.jpg]
[www.abports.co.uk/news-and-media/latest-news/2022/seacon-sg-replants-its-roots-at-the-port-of-garston/index.html]
[www.abports.co.uk/media/5mupjbkj/beyond-zero-08.png]
[www.abports.co.uk/media/exnbxczg/beyond-zero-4.jpg]
[www.abports.co.uk/news-and-media/articles-and-blogs/2018/beyond-zero/index.html]
[www.abports.co.uk/news-and-media/latest-news/2021/milestone-reached-for-abp-s-25-million-development-for-the-offshore-wind-industry/index.html]
[www.abports.co.uk/news-and-media/latest-news/2021/virtual-event-explores-the-future-role-of-wales-ports/index.html]
[www.abports.co.uk/media/jyjbfqww/kestrel-26.png]
[www.abports.co.uk/media/grzh2fjj/kestrel-_-the-humber-gives-us-all-the-options-2.jpg]
[www.abports.co.uk/media/f5ohukbc/kestrel-_-the-humber-gives-us-all-the-options-1.jpg]
[www.abports.co.uk/news-and-media/articles-and-blogs/2018/the-humber-gives-us-all-the-options/index.html]
[www.abports.co.uk/media/h0qeqwls/short-sea-ports-40.png]
[www.abports.co.uk/news-and-media/articles-and-blogs/2017/short-sea-ports/index.html]
[www.abports.co.uk/news-and-media/latest-news/2022/abp-hands-hams-hall-operations-to-maritime-transport/index.html]
[www.abports.co.uk/media/fwuhefry/flemish01-16.png]
[www.abports.co.uk/media/guofoo2j/flemish-transport-minister-1.jpg]
[www.abports.co.uk/media/mxfcmuc5/flemish-transport-minister-2.jpg]
[www.abports.co.uk/news-and-media/articles-and-blogs/2017/flemish-transport-minister/index.html]
[www.abports.co.uk/news-and-media/articles-and-blogs/2018/project-plastic-working-together-to-clean-up-our-seas/index.html]
[www.abports.co.uk/media/qsnk0ugb/gender02-19.png]
[www.abports.co.uk/media/liuajg1x/gender-diversity-2.jpg]
[www.abports.co.uk/news-and-media/articles-and-blogs/2018/gender-diversity/index.html]
[www.abports.co.uk/media/sumd0gpi/southwales02-43.png]
[www.abports.co.uk/media/vnlmirzf/south-wales-2.jpg]
[www.abports.co.uk/media/3e5h331e/south-wales-3.jpg]
[www.abports.co.uk/news-and-media/articles-and-blogs/2017/south-wales/index.html]
[www.abports.co.uk/media/rl5hrc43/rfg-37.png]
[www.abports.co.uk/media/34pjel5d/rfg-1.jpg]
[www.abports.co.uk/news-and-media/articles-and-blogs/2017/rfg/index.html]
[www.abports.co.uk/media/zayiv0ka/hms-cambria-21.png]
[www.abports.co.uk/media/1sapnqvm/hms-cambria-1.jpg]
[www.abports.co.uk/news-and-media/articles-and-blogs/2018/hms-cambria/index.html]
[www.abports.co.uk/media/q04l3vl5/apb-garston-ntm-no-08-2019.pdf]
[www.abports.co.uk/media/iz3fqoqe/ntm-no_001-2018.pdf]
[www.abports.co.uk/media/dljbinu3/hoopla-immingham-aerial-april-2018.jpg]
[www.abports.co.uk/news-and-media/latest-news/2018/major-expansion-to-uk-s-biggest-port-announced/index.html]
[www.abports.co.uk/immroro/index.html]
[www.abports.co.uk/media/xnrocawf/dont-panic-14.png]
[www.abports.co.uk/news-and-media/articles-and-blogs/2017/don-t-panic/index.html]
[www.abports.co.uk/media/khel2is3/lowestoft-29.png]
[www.abports.co.uk/media/n0fgzhdf/lowestoft-renewable-energy-hub-2.jpg]
[www.abports.co.uk/media/n5gnp2bn/lowestoft-renewable-energy-hub-4.jpg]
[www.abports.co.uk/media/fe4iahup/lowestoft-renewable-energy-hub-3.jpg]
[www.abports.co.uk/news-and-media/articles-and-blogs/2018/lowestoft-renewable-energy-hub/index.html]
[www.abports.co.uk/news-and-media/latest-news/2022/abp-plymouth-welcomes-return-of-brittany-ferries/index.html]
[www.abports.co.uk/media/ad4px2sn/abp-future-ports-port-talbot-online-final.pdf]
[www.abports.co.uk/media/v22eyhfl/future-ports-port-talbot-welsh-language-version.pdf]
[www.abports.co.uk/future-ports-port-talbot/index.html]
[www.abports.co.uk/media/ru3aglgc/marchwood-site.jpg]
[www.abports.co.uk/news-and-media/latest-news/2022/two-major-development-sites-launched-at-port-of-southampton/index.html]
[www.abports.co.uk/media/jiheplrs/abp-port-of-cardiff-celebrates-new-distribution-centre-lease-with-owens-group.jpg]
[www.abports.co.uk/news-and-media/latest-news/2022/port-of-cardiff-celebrates-new-distribution-centre-lease-with-owens-group/index.html]
[www.abports.co.uk/media/1vmhkz2z/associated-british-ports-announced-as-a-gold-sponsor.jpg]
[www.abports.co.uk/news-and-media/latest-news/2022/associated-british-ports-announced-as-a-gold-sponsor-at-london-international-shipping-week-2023/index.html]
[www.abports.co.uk/media/ysbgyc15/iwd-2022.jpg]
[www.abports.co.uk/news-and-media/articles-and-blogs/2022/international-women-in-engineering-day/index.html]
[www.abports.co.uk/media/h0qpvczo/abp-apprenticeship-testimonial-sam-jacques-marine-pilot-apprentice-imageaf6a.jpg]
[www.abports.co.uk/news-and-media/articles-and-blogs/2022/abp-apprenticeship-testimonial-sam-jacques-marine-pilot-apprentice/index.html]
[www.abports.co.uk/media/ybsdimgv/abp-apprenticeship-testimonial-dominik-karmalita-marine-officer-apprenticeship3c52.jpg]
[www.abports.co.uk/news-and-media/articles-and-blogs/2022/abp-apprenticeship-testimonial-dominik-karmalita-marine-officer-apprenticeship/index.html]
[www.abports.co.uk/media/psobb4iz/abp-apprenticeship-testimonial-amanda-viljoen-group-training-manager-image592b.jpg]
[www.abports.co.uk/news-and-media/articles-and-blogs/2022/abp-apprenticeship-testimonial-amanda-viljoen-group-training-manager/index.html]
[www.abports.co.uk/media/zsejfpcm/a-day-in-the-life-of-lizi-sayner-quality-compliance-advisor-humber-image1cb6.jpg]
[www.abports.co.uk/news-and-media/articles-and-blogs/2022/a-day-in-the-life-of-lizi-sayner-quality-compliance-advisor-humber/index.html]
[www.abports.co.uk/media/vhqppn14/a-day-in-the-life-of-charlotte-croft-apprentice-hr-administrator-image5a7a.jpg]
[www.abports.co.uk/news-and-media/articles-and-blogs/2022/a-day-in-the-life-of-charlotte-croft-apprentice-hr-administrator/index.html]
[www.abports.co.uk/media/wgqn2dej/a-day-in-the-life-of-nicole-allis-hr-apprentice-imaged65b.jpg]
[www.abports.co.uk/news-and-media/articles-and-blogs/2022/a-day-in-the-life-of-nicole-allis-hr-apprentice-southampton/index.html]
[www.abports.co.uk/media/nauibg0i/abp-immroro-banner-oct2022.jpg]
[www.abports.co.uk/media/ebditwmi/s48-notice-supplementary-statutory-consultation.pdf]
[www.abports.co.uk/media/5q5lz41l/abp-immroro-supplementary-consultation-newsletter.pdf]
[www.abports.co.uk/media/oo5ljs31/supplementary-consultation-report.pdf]
[www.abports.co.uk/media/53fnkuao/ierrt-peir-non-technical-summary.pdf]
[www.abports.co.uk/media/chmlw1kd/questionnaire-supplementary-statutory-consultation.pdf]
[www.abports.co.uk/immroro/consultation.html]
[www.abports.co.uk/immroro/preliminary-environmental-information-report-peir/index.html]
[www.abports.co.uk/immroro/original-consultation-and-scheme-updates/index.html]
[www.abports.co.uk/media/kfllw1zu/summer-newsletter-aug2022.pdf]
[www.abports.co.uk/media/fabapld3/sugar-whole-site-august-2022.pdf]
[www.abports.co.uk/media/1d3j5nuk/ierrt-spring-newsletter-april-2022.pdf]
[www.abports.co.uk/immroro/scheme-update/index.html]
[www.abports.co.uk/media/wcedtvob/r-3712_immingham-eastern-roro-terminal_scoping-report_14sep2021.pdf]
[www.abports.co.uk/immroro/scoping-report/index.html]
[www.abports.co.uk/media/muqbtohc/port-talbot-banner.jpg]
[www.abports.co.uk/media/up4dk5s3/20220726-abp-barry-port-vision-v1-1-web-format.pdf]
[www.abports.co.uk/future-ports-barry-vision/index.html]
[www.abports.co.uk/media/034lyyge/abp-garston-ntm-007-2019.pdf]
[www.abports.co.uk/immroro/preliminary-environmental-information-report-peir/index.html]
[www.abports.co.uk/media/o2ygyyxr/immroro-artist-impression.jpg]
[www.abports.co.uk/media/axrpefp1/socc-immingham-eastern-ro-ro-terminal.pdf]
[www.abports.co.uk/media/3dghwvfh/immroro-s48-notice.pdf]
[www.abports.co.uk/media/roqjyfol/feedback-questionnaire-cc.pdf]
[www.abports.co.uk/media/rt5g2q00/consultation-newsletter.pdf]
[www.abports.co.uk/media/nhrhnabw/immroro-exhibition-boards-01.jpg]
[www.abports.co.uk/media/3aelggbp/immroro-exhibition-boards-01-content-image-full-size.jpg]
[www.abports.co.uk/media/w4nnu2wo/immroro-exhibition-boards-01-content-image.jpg]
[www.abports.co.uk/media/1njdaapx/immroro-exhibition-boards-02.jpg]
[www.abports.co.uk/media/3iyec0az/immroro-exhibition-boards-02-content-image.jpg]
[www.abports.co.uk/media/yhknrain/immroro-exhibition-boards-03.jpg]
[www.abports.co.uk/media/iunmuyut/immroro-exhibition-boards-03-content-image.jpg]
[www.abports.co.uk/media/msnjo3nn/immroro-exhibition-boards-04.jpg]
[www.abports.co.uk/media/ohvmvc1y/immroro-exhibition-boards-04-content-image.jpg]
[www.abports.co.uk/media/s32fw3f4/immroro-exhibition-boards-06.jpg]
[www.abports.co.uk/media/fktlcsyq/immroro-exhibition-boards-06-content-image.jpg]
[www.abports.co.uk/media/pqxdlt4a/immroro-exhibition-boards-07.jpg]
[www.abports.co.uk/media/55qdriav/immroro-exhibition-boards-07-content-image.jpg]
[www.abports.co.uk/immroro/original-consultation-and-scheme-updates/index.html]
[www.abports.co.uk/media/hyaoihxt/marine-policy-september-2018.html]
